ParseFailed (SrcLoc {srcFilename = "tests/examples/BadStringLineBreak.hs", srcLine = 3, srcColumn = 27}) "Improperly terminated string"
