ParseFailed (SrcLoc {srcFilename = "tests/examples/ConstraintKinds.hs", srcLine = 8, srcColumn = 1}) "Parse error in type: Bar a ~ Maybe b"
