ParseOk (Module (SrcSpanInfo {srcInfoSpan = SrcSpan {srcSpanFilename = "tests/examples/CxtWhitespace.hs", srcSpanStartLine = 2, srcSpanStartColumn = 1, srcSpanEndLine = 7, srcSpanEndColumn = 1}, srcInfoPoints = [SrcSpan {srcSpanFilename = "tests/examples/CxtWhitespace.hs", srcSpanStartLine = 2, srcSpanStartColumn = 1, srcSpanEndLine = 2, srcSpanEndColumn = 1},SrcSpan {srcSpanFilename = "tests/examples/CxtWhitespace.hs", srcSpanStartLine = 2, srcSpanStartColumn = 1, srcSpanEndLine = 2, srcSpanEndColumn = 1},SrcSpan {srcSpanFilename = "tests/examples/CxtWhitespace.hs", srcSpanStartLine = 2, srcSpanStartColumn = 1, srcSpanEndLine = 2, srcSpanEndColumn = 1},SrcSpan {srcSpanFilename = "tests/examples/CxtWhitespace.hs", srcSpanStartLine = 5, srcSpanStartColumn = 1, srcSpanEndLine = 5, srcSpanEndColumn = 1},SrcSpan {srcSpanFilename = "tests/examples/CxtWhitespace.hs", srcSpanStartLine = 7, srcSpanStartColumn = 1, srcSpanEndLine = 7, srcSpanEndColumn = 1},SrcSpan {srcSpanFilename = "tests/examples/CxtWhitespace.hs", srcSpanStartLine = 7, srcSpanStartColumn = 1, srcSpanEndLine = 7, srcSpanEndColumn = 1}]}) Nothing [] [] [InstDecl (SrcSpanInfo {srcInfoSpan = SrcSpan {srcSpanFilename = "tests/examples/CxtWhitespace.hs", srcSpanStartLine = 2, srcSpanStartColumn = 1, srcSpanEndLine = 2, srcSpanEndColumn = 25}, srcInfoPoints = [SrcSpan {srcSpanFilename = "tests/examples/CxtWhitespace.hs", srcSpanStartLine = 2, srcSpanStartColumn = 1, srcSpanEndLine = 2, srcSpanEndColumn = 9}]}) (Just (CxParen (SrcSpanInfo {srcInfoSpan = SrcSpan {srcSpanFilename = "tests/examples/CxtWhitespace.hs", srcSpanStartLine = 2, srcSpanStartColumn = 10, srcSpanEndLine = 2, srcSpanEndColumn = 20}, srcInfoPoints = [SrcSpan {srcSpanFilename = "tests/examples/CxtWhitespace.hs", srcSpanStartLine = 2, srcSpanStartColumn = 10, srcSpanEndLine = 2, srcSpanEndColumn = 11},SrcSpan {srcSpanFilename = "tests/examples/CxtWhitespace.hs", srcSpanStartLine = 2, srcSpanStartColumn = 16, srcSpanEndLine = 2, srcSpanEndColumn = 17},SrcSpan {srcSpanFilename = "tests/examples/CxtWhitespace.hs", srcSpanStartLine = 2, srcSpanStartColumn = 18, srcSpanEndLine = 2, srcSpanEndColumn = 20}]}) (CxSingle (SrcSpanInfo {srcInfoSpan = SrcSpan {srcSpanFilename = "tests/examples/CxtWhitespace.hs", srcSpanStartLine = 2, srcSpanStartColumn = 12, srcSpanEndLine = 2, srcSpanEndColumn = 16}, srcInfoPoints = []}) (ClassA (SrcSpanInfo {srcInfoSpan = SrcSpan {srcSpanFilename = "tests/examples/CxtWhitespace.hs", srcSpanStartLine = 2, srcSpanStartColumn = 12, srcSpanEndLine = 2, srcSpanEndColumn = 16}, srcInfoPoints = []}) (UnQual (SrcSpanInfo {srcInfoSpan = SrcSpan {srcSpanFilename = "tests/examples/CxtWhitespace.hs", srcSpanStartLine = 2, srcSpanStartColumn = 12, srcSpanEndLine = 2, srcSpanEndColumn = 14}, srcInfoPoints = []}) (Ident (SrcSpanInfo {srcInfoSpan = SrcSpan {srcSpanFilename = "tests/examples/CxtWhitespace.hs", srcSpanStartLine = 2, srcSpanStartColumn = 12, srcSpanEndLine = 2, srcSpanEndColumn = 14}, srcInfoPoints = []}) "Eq")) [TyVar (SrcSpanInfo {srcInfoSpan = SrcSpan {srcSpanFilename = "tests/examples/CxtWhitespace.hs", srcSpanStartLine = 2, srcSpanStartColumn = 15, srcSpanEndLine = 2, srcSpanEndColumn = 16}, srcInfoPoints = []}) (Ident (SrcSpanInfo {srcInfoSpan = SrcSpan {srcSpanFilename = "tests/examples/CxtWhitespace.hs", srcSpanStartLine = 2, srcSpanStartColumn = 15, srcSpanEndLine = 2, srcSpanEndColumn = 16}, srcInfoPoints = []}) "h")])))) (IHead (SrcSpanInfo {srcInfoSpan = SrcSpan {srcSpanFilename = "tests/examples/CxtWhitespace.hs", srcSpanStartLine = 2, srcSpanStartColumn = 21, srcSpanEndLine = 2, srcSpanEndColumn = 23}, srcInfoPoints = []}) (UnQual (SrcSpanInfo {srcInfoSpan = SrcSpan {srcSpanFilename = "tests/examples/CxtWhitespace.hs", srcSpanStartLine = 2, srcSpanStartColumn = 21, srcSpanEndLine = 2, srcSpanEndColumn = 23}, srcInfoPoints = []}) (Ident (SrcSpanInfo {srcInfoSpan = SrcSpan {srcSpanFilename = "tests/examples/CxtWhitespace.hs", srcSpanStartLine = 2, srcSpanStartColumn = 21, srcSpanEndLine = 2, srcSpanEndColumn = 23}, srcInfoPoints = []}) "Eq")) [TyVar (SrcSpanInfo {srcInfoSpan = SrcSpan {srcSpanFilename = "tests/examples/CxtWhitespace.hs", srcSpanStartLine = 2, srcSpanStartColumn = 24, srcSpanEndLine = 2, srcSpanEndColumn = 25}, srcInfoPoints = []}) (Ident (SrcSpanInfo {srcInfoSpan = SrcSpan {srcSpanFilename = "tests/examples/CxtWhitespace.hs", srcSpanStartLine = 2, srcSpanStartColumn = 24, srcSpanEndLine = 2, srcSpanEndColumn = 25}, srcInfoPoints = []}) "h")]) Nothing,InstDecl (SrcSpanInfo {srcInfoSpan = SrcSpan {srcSpanFilename = "tests/examples/CxtWhitespace.hs", srcSpanStartLine = 5, srcSpanStartColumn = 1, srcSpanEndLine = 5, srcSpanEndColumn = 31}, srcInfoPoints = [SrcSpan {srcSpanFilename = "tests/examples/CxtWhitespace.hs", srcSpanStartLine = 5, srcSpanStartColumn = 1, srcSpanEndLine = 5, srcSpanEndColumn = 9}]}) (Just (CxTuple (SrcSpanInfo {srcInfoSpan = SrcSpan {srcSpanFilename = "tests/examples/CxtWhitespace.hs", srcSpanStartLine = 5, srcSpanStartColumn = 10, srcSpanEndLine = 5, srcSpanEndColumn = 26}, srcInfoPoints = [SrcSpan {srcSpanFilename = "tests/examples/CxtWhitespace.hs", srcSpanStartLine = 5, srcSpanStartColumn = 10, srcSpanEndLine = 5, srcSpanEndColumn = 11},SrcSpan {srcSpanFilename = "tests/examples/CxtWhitespace.hs", srcSpanStartLine = 5, srcSpanStartColumn = 16, srcSpanEndLine = 5, srcSpanEndColumn = 17},SrcSpan {srcSpanFilename = "tests/examples/CxtWhitespace.hs", srcSpanStartLine = 5, srcSpanStartColumn = 22, srcSpanEndLine = 5, srcSpanEndColumn = 23},SrcSpan {srcSpanFilename = "tests/examples/CxtWhitespace.hs", srcSpanStartLine = 5, srcSpanStartColumn = 24, srcSpanEndLine = 5, srcSpanEndColumn = 26}]}) [ClassA (SrcSpanInfo {srcInfoSpan = SrcSpan {srcSpanFilename = "tests/examples/CxtWhitespace.hs", srcSpanStartLine = 5, srcSpanStartColumn = 12, srcSpanEndLine = 5, srcSpanEndColumn = 16}, srcInfoPoints = []}) (UnQual (SrcSpanInfo {srcInfoSpan = SrcSpan {srcSpanFilename = "tests/examples/CxtWhitespace.hs", srcSpanStartLine = 5, srcSpanStartColumn = 12, srcSpanEndLine = 5, srcSpanEndColumn = 14}, srcInfoPoints = []}) (Ident (SrcSpanInfo {srcInfoSpan = SrcSpan {srcSpanFilename = "tests/examples/CxtWhitespace.hs", srcSpanStartLine = 5, srcSpanStartColumn = 12, srcSpanEndLine = 5, srcSpanEndColumn = 14}, srcInfoPoints = []}) "Eq")) [TyVar (SrcSpanInfo {srcInfoSpan = SrcSpan {srcSpanFilename = "tests/examples/CxtWhitespace.hs", srcSpanStartLine = 5, srcSpanStartColumn = 15, srcSpanEndLine = 5, srcSpanEndColumn = 16}, srcInfoPoints = []}) (Ident (SrcSpanInfo {srcInfoSpan = SrcSpan {srcSpanFilename = "tests/examples/CxtWhitespace.hs", srcSpanStartLine = 5, srcSpanStartColumn = 15, srcSpanEndLine = 5, srcSpanEndColumn = 16}, srcInfoPoints = []}) "h")],ClassA (SrcSpanInfo {srcInfoSpan = SrcSpan {srcSpanFilename = "tests/examples/CxtWhitespace.hs", srcSpanStartLine = 5, srcSpanStartColumn = 18, srcSpanEndLine = 5, srcSpanEndColumn = 22}, srcInfoPoints = []}) (UnQual (SrcSpanInfo {srcInfoSpan = SrcSpan {srcSpanFilename = "tests/examples/CxtWhitespace.hs", srcSpanStartLine = 5, srcSpanStartColumn = 18, srcSpanEndLine = 5, srcSpanEndColumn = 20}, srcInfoPoints = []}) (Ident (SrcSpanInfo {srcInfoSpan = SrcSpan {srcSpanFilename = "tests/examples/CxtWhitespace.hs", srcSpanStartLine = 5, srcSpanStartColumn = 18, srcSpanEndLine = 5, srcSpanEndColumn = 20}, srcInfoPoints = []}) "Eq")) [TyVar (SrcSpanInfo {srcInfoSpan = SrcSpan {srcSpanFilename = "tests/examples/CxtWhitespace.hs", srcSpanStartLine = 5, srcSpanStartColumn = 21, srcSpanEndLine = 5, srcSpanEndColumn = 22}, srcInfoPoints = []}) (Ident (SrcSpanInfo {srcInfoSpan = SrcSpan {srcSpanFilename = "tests/examples/CxtWhitespace.hs", srcSpanStartLine = 5, srcSpanStartColumn = 21, srcSpanEndLine = 5, srcSpanEndColumn = 22}, srcInfoPoints = []}) "h")]])) (IHead (SrcSpanInfo {srcInfoSpan = SrcSpan {srcSpanFilename = "tests/examples/CxtWhitespace.hs", srcSpanStartLine = 5, srcSpanStartColumn = 27, srcSpanEndLine = 5, srcSpanEndColumn = 29}, srcInfoPoints = []}) (UnQual (SrcSpanInfo {srcInfoSpan = SrcSpan {srcSpanFilename = "tests/examples/CxtWhitespace.hs", srcSpanStartLine = 5, srcSpanStartColumn = 27, srcSpanEndLine = 5, srcSpanEndColumn = 29}, srcInfoPoints = []}) (Ident (SrcSpanInfo {srcInfoSpan = SrcSpan {srcSpanFilename = "tests/examples/CxtWhitespace.hs", srcSpanStartLine = 5, srcSpanStartColumn = 27, srcSpanEndLine = 5, srcSpanEndColumn = 29}, srcInfoPoints = []}) "Eq")) [TyVar (SrcSpanInfo {srcInfoSpan = SrcSpan {srcSpanFilename = "tests/examples/CxtWhitespace.hs", srcSpanStartLine = 5, srcSpanStartColumn = 30, srcSpanEndLine = 5, srcSpanEndColumn = 31}, srcInfoPoints = []}) (Ident (SrcSpanInfo {srcInfoSpan = SrcSpan {srcSpanFilename = "tests/examples/CxtWhitespace.hs", srcSpanStartLine = 5, srcSpanStartColumn = 30, srcSpanEndLine = 5, srcSpanEndColumn = 31}, srcInfoPoints = []}) "h")]) Nothing],[Comment False (SrcSpan {srcSpanFilename = "tests/examples/CxtWhitespace.hs", srcSpanStartLine = 1, srcSpanStartColumn = 1, srcSpanEndLine = 1, srcSpanEndColumn = 13}) " is not ok",Comment False (SrcSpan {srcSpanFilename = "tests/examples/CxtWhitespace.hs", srcSpanStartLine = 4, srcSpanStartColumn = 1, srcSpanEndLine = 4, srcSpanEndColumn = 9}) " is ok"])
