ParseFailed (SrcLoc {srcFilename = "tests/examples/DoRec.hs", srcLine = 3, srcColumn = 15}) "Parse error: let"
