ParseOk (Module (SrcSpanInfo {srcInfoSpan = SrcSpan {srcSpanFilename = "tests/examples/EmptyAnn.hs", srcSpanStartLine = 1, srcSpanStartColumn = 1, srcSpanEndLine = 2, srcSpanEndColumn = 1}, srcInfoPoints = [SrcSpan {srcSpanFilename = "tests/examples/EmptyAnn.hs", srcSpanStartLine = 1, srcSpanStartColumn = 1, srcSpanEndLine = 1, srcSpanEndColumn = 1},SrcSpan {srcSpanFilename = "tests/examples/EmptyAnn.hs", srcSpanStartLine = 2, srcSpanStartColumn = 1, srcSpanEndLine = 2, srcSpanEndColumn = 1},SrcSpan {srcSpanFilename = "tests/examples/EmptyAnn.hs", srcSpanStartLine = 2, srcSpanStartColumn = 1, srcSpanEndLine = 2, srcSpanEndColumn = 1},SrcSpan {srcSpanFilename = "tests/examples/EmptyAnn.hs", srcSpanStartLine = 2, srcSpanStartColumn = 1, srcSpanEndLine = 2, srcSpanEndColumn = 1},SrcSpan {srcSpanFilename = "tests/examples/EmptyAnn.hs", srcSpanStartLine = 2, srcSpanStartColumn = 1, srcSpanEndLine = 2, srcSpanEndColumn = 1}]}) Nothing [AnnModulePragma (SrcSpanInfo {srcInfoSpan = SrcSpan {srcSpanFilename = "tests/examples/EmptyAnn.hs", srcSpanStartLine = 1, srcSpanStartColumn = 1, srcSpanEndLine = 1, srcSpanEndColumn = 38}, srcInfoPoints = [SrcSpan {srcSpanFilename = "tests/examples/EmptyAnn.hs", srcSpanStartLine = 1, srcSpanStartColumn = 1, srcSpanEndLine = 1, srcSpanEndColumn = 8},SrcSpan {srcSpanFilename = "tests/examples/EmptyAnn.hs", srcSpanStartLine = 1, srcSpanStartColumn = 35, srcSpanEndLine = 1, srcSpanEndColumn = 38}]}) (Ann (SrcSpanInfo {srcInfoSpan = SrcSpan {srcSpanFilename = "tests/examples/EmptyAnn.hs", srcSpanStartLine = 1, srcSpanStartColumn = 9, srcSpanEndLine = 1, srcSpanEndColumn = 34}, srcInfoPoints = []}) (Ident (SrcSpanInfo {srcInfoSpan = SrcSpan {srcSpanFilename = "tests/examples/EmptyAnn.hs", srcSpanStartLine = 1, srcSpanStartColumn = 9, srcSpanEndLine = 1, srcSpanEndColumn = 12}, srcInfoPoints = []}) "foo") (Lit (SrcSpanInfo {srcInfoSpan = SrcSpan {srcSpanFilename = "tests/examples/EmptyAnn.hs", srcSpanStartLine = 1, srcSpanStartColumn = 13, srcSpanEndLine = 1, srcSpanEndColumn = 34}, srcInfoPoints = []}) (String (SrcSpanInfo {srcInfoSpan = SrcSpan {srcSpanFilename = "tests/examples/EmptyAnn.hs", srcSpanStartLine = 1, srcSpanStartColumn = 13, srcSpanEndLine = 1, srcSpanEndColumn = 34}, srcInfoPoints = []}) "Hlint: ignore Test4" "Hlint: ignore Test4")))] [] [],[])
