{-# ANN foo "Hlint: ignore Test4" #-}
module Main (main) where
