ParseFailed (SrcLoc {srcFilename = "tests/examples/ExtraEndBrace.hs", srcLine = 3, srcColumn = 20}) "Unexpected }"
