ParseOk (Module (SrcSpanInfo {srcInfoSpan = SrcSpan {srcSpanFilename = "tests/examples/FamilyVarid.hs", srcSpanStartLine = 1, srcSpanStartColumn = 1, srcSpanEndLine = 5, srcSpanEndColumn = 1}, srcInfoPoints = [SrcSpan {srcSpanFilename = "tests/examples/FamilyVarid.hs", srcSpanStartLine = 1, srcSpanStartColumn = 1, srcSpanEndLine = 1, srcSpanEndColumn = 1},SrcSpan {srcSpanFilename = "tests/examples/FamilyVarid.hs", srcSpanStartLine = 2, srcSpanStartColumn = 1, srcSpanEndLine = 2, srcSpanEndColumn = 1},SrcSpan {srcSpanFilename = "tests/examples/FamilyVarid.hs", srcSpanStartLine = 2, srcSpanStartColumn = 1, srcSpanEndLine = 2, srcSpanEndColumn = 1},SrcSpan {srcSpanFilename = "tests/examples/FamilyVarid.hs", srcSpanStartLine = 4, srcSpanStartColumn = 1, srcSpanEndLine = 4, srcSpanEndColumn = 1},SrcSpan {srcSpanFilename = "tests/examples/FamilyVarid.hs", srcSpanStartLine = 5, srcSpanStartColumn = 1, srcSpanEndLine = 5, srcSpanEndColumn = 1},SrcSpan {srcSpanFilename = "tests/examples/FamilyVarid.hs", srcSpanStartLine = 5, srcSpanStartColumn = 1, srcSpanEndLine = 5, srcSpanEndColumn = 1}]}) (Just (ModuleHead (SrcSpanInfo {srcInfoSpan = SrcSpan {srcSpanFilename = "tests/examples/FamilyVarid.hs", srcSpanStartLine = 2, srcSpanStartColumn = 1, srcSpanEndLine = 2, srcSpanEndColumn = 25}, srcInfoPoints = [SrcSpan {srcSpanFilename = "tests/examples/FamilyVarid.hs", srcSpanStartLine = 2, srcSpanStartColumn = 1, srcSpanEndLine = 2, srcSpanEndColumn = 7},SrcSpan {srcSpanFilename = "tests/examples/FamilyVarid.hs", srcSpanStartLine = 2, srcSpanStartColumn = 20, srcSpanEndLine = 2, srcSpanEndColumn = 25}]}) (ModuleName (SrcSpanInfo {srcInfoSpan = SrcSpan {srcSpanFilename = "tests/examples/FamilyVarid.hs", srcSpanStartLine = 2, srcSpanStartColumn = 8, srcSpanEndLine = 2, srcSpanEndColumn = 19}, srcInfoPoints = []}) "FamilyVarid") Nothing Nothing)) [LanguagePragma (SrcSpanInfo {srcInfoSpan = SrcSpan {srcSpanFilename = "tests/examples/FamilyVarid.hs", srcSpanStartLine = 1, srcSpanStartColumn = 1, srcSpanEndLine = 1, srcSpanEndColumn = 30}, srcInfoPoints = [SrcSpan {srcSpanFilename = "tests/examples/FamilyVarid.hs", srcSpanStartLine = 1, srcSpanStartColumn = 1, srcSpanEndLine = 1, srcSpanEndColumn = 13},SrcSpan {srcSpanFilename = "tests/examples/FamilyVarid.hs", srcSpanStartLine = 1, srcSpanStartColumn = 27, srcSpanEndLine = 1, srcSpanEndColumn = 30}]}) [Ident (SrcSpanInfo {srcInfoSpan = SrcSpan {srcSpanFilename = "tests/examples/FamilyVarid.hs", srcSpanStartLine = 1, srcSpanStartColumn = 14, srcSpanEndLine = 1, srcSpanEndColumn = 26}, srcInfoPoints = []}) "TypeFamilies"]] [] [FunBind (SrcSpanInfo {srcInfoSpan = SrcSpan {srcSpanFilename = "tests/examples/FamilyVarid.hs", srcSpanStartLine = 4, srcSpanStartColumn = 1, srcSpanEndLine = 4, srcSpanEndColumn = 28}, srcInfoPoints = []}) [Match (SrcSpanInfo {srcInfoSpan = SrcSpan {srcSpanFilename = "tests/examples/FamilyVarid.hs", srcSpanStartLine = 4, srcSpanStartColumn = 1, srcSpanEndLine = 4, srcSpanEndColumn = 28}, srcInfoPoints = []}) (Ident (SrcSpanInfo {srcInfoSpan = SrcSpan {srcSpanFilename = "tests/examples/FamilyVarid.hs", srcSpanStartLine = 4, srcSpanStartColumn = 1, srcSpanEndLine = 4, srcSpanEndColumn = 2}, srcInfoPoints = []}) "f") [PVar (SrcSpanInfo {srcInfoSpan = SrcSpan {srcSpanFilename = "tests/examples/FamilyVarid.hs", srcSpanStartLine = 4, srcSpanStartColumn = 3, srcSpanEndLine = 4, srcSpanEndColumn = 9}, srcInfoPoints = []}) (Ident (SrcSpanInfo {srcInfoSpan = SrcSpan {srcSpanFilename = "tests/examples/FamilyVarid.hs", srcSpanStartLine = 4, srcSpanStartColumn = 3, srcSpanEndLine = 4, srcSpanEndColumn = 9}, srcInfoPoints = []}) "family"),PVar (SrcSpanInfo {srcInfoSpan = SrcSpan {srcSpanFilename = "tests/examples/FamilyVarid.hs", srcSpanStartLine = 4, srcSpanStartColumn = 10, srcSpanEndLine = 4, srcSpanEndColumn = 16}, srcInfoPoints = []}) (Ident (SrcSpanInfo {srcInfoSpan = SrcSpan {srcSpanFilename = "tests/examples/FamilyVarid.hs", srcSpanStartLine = 4, srcSpanStartColumn = 10, srcSpanEndLine = 4, srcSpanEndColumn = 16}, srcInfoPoints = []}) "forall")] (UnGuardedRhs (SrcSpanInfo {srcInfoSpan = SrcSpan {srcSpanFilename = "tests/examples/FamilyVarid.hs", srcSpanStartLine = 4, srcSpanStartColumn = 17, srcSpanEndLine = 4, srcSpanEndColumn = 28}, srcInfoPoints = [SrcSpan {srcSpanFilename = "tests/examples/FamilyVarid.hs", srcSpanStartLine = 4, srcSpanStartColumn = 17, srcSpanEndLine = 4, srcSpanEndColumn = 18}]}) (Var (SrcSpanInfo {srcInfoSpan = SrcSpan {srcSpanFilename = "tests/examples/FamilyVarid.hs", srcSpanStartLine = 4, srcSpanStartColumn = 19, srcSpanEndLine = 4, srcSpanEndColumn = 28}, srcInfoPoints = []}) (UnQual (SrcSpanInfo {srcInfoSpan = SrcSpan {srcSpanFilename = "tests/examples/FamilyVarid.hs", srcSpanStartLine = 4, srcSpanStartColumn = 19, srcSpanEndLine = 4, srcSpanEndColumn = 28}, srcInfoPoints = []}) (Ident (SrcSpanInfo {srcInfoSpan = SrcSpan {srcSpanFilename = "tests/examples/FamilyVarid.hs", srcSpanStartLine = 4, srcSpanStartColumn = 19, srcSpanEndLine = 4, srcSpanEndColumn = 28}, srcInfoPoints = []}) "undefined")))) Nothing]],[])
