ParseOk (Module (SrcSpanInfo {srcInfoSpan = SrcSpan {srcSpanFilename = "tests/examples/FamilyKindSig.hs", srcSpanStartLine = 1, srcSpanStartColumn = 1, srcSpanEndLine = 5, srcSpanEndColumn = 1}, srcInfoPoints = [SrcSpan {srcSpanFilename = "tests/examples/FamilyKindSig.hs", srcSpanStartLine = 1, srcSpanStartColumn = 1, srcSpanEndLine = 1, srcSpanEndColumn = 1},SrcSpan {srcSpanFilename = "tests/examples/FamilyKindSig.hs", srcSpanStartLine = 2, srcSpanStartColumn = 1, srcSpanEndLine = 2, srcSpanEndColumn = 1},SrcSpan {srcSpanFilename = "tests/examples/FamilyKindSig.hs", srcSpanStartLine = 2, srcSpanStartColumn = 1, srcSpanEndLine = 2, srcSpanEndColumn = 1},SrcSpan {srcSpanFilename = "tests/examples/FamilyKindSig.hs", srcSpanStartLine = 4, srcSpanStartColumn = 1, srcSpanEndLine = 4, srcSpanEndColumn = 1},SrcSpan {srcSpanFilename = "tests/examples/FamilyKindSig.hs", srcSpanStartLine = 5, srcSpanStartColumn = 1, srcSpanEndLine = 5, srcSpanEndColumn = 1},SrcSpan {srcSpanFilename = "tests/examples/FamilyKindSig.hs", srcSpanStartLine = 5, srcSpanStartColumn = 1, srcSpanEndLine = 5, srcSpanEndColumn = 1}]}) (Just (ModuleHead (SrcSpanInfo {srcInfoSpan = SrcSpan {srcSpanFilename = "tests/examples/FamilyKindSig.hs", srcSpanStartLine = 2, srcSpanStartColumn = 1, srcSpanEndLine = 2, srcSpanEndColumn = 27}, srcInfoPoints = [SrcSpan {srcSpanFilename = "tests/examples/FamilyKindSig.hs", srcSpanStartLine = 2, srcSpanStartColumn = 1, srcSpanEndLine = 2, srcSpanEndColumn = 7},SrcSpan {srcSpanFilename = "tests/examples/FamilyKindSig.hs", srcSpanStartLine = 2, srcSpanStartColumn = 22, srcSpanEndLine = 2, srcSpanEndColumn = 27}]}) (ModuleName (SrcSpanInfo {srcInfoSpan = SrcSpan {srcSpanFilename = "tests/examples/FamilyKindSig.hs", srcSpanStartLine = 2, srcSpanStartColumn = 8, srcSpanEndLine = 2, srcSpanEndColumn = 21}, srcInfoPoints = []}) "FamilyKindSig") Nothing Nothing)) [LanguagePragma (SrcSpanInfo {srcInfoSpan = SrcSpan {srcSpanFilename = "tests/examples/FamilyKindSig.hs", srcSpanStartLine = 1, srcSpanStartColumn = 1, srcSpanEndLine = 1, srcSpanEndColumn = 30}, srcInfoPoints = [SrcSpan {srcSpanFilename = "tests/examples/FamilyKindSig.hs", srcSpanStartLine = 1, srcSpanStartColumn = 1, srcSpanEndLine = 1, srcSpanEndColumn = 13},SrcSpan {srcSpanFilename = "tests/examples/FamilyKindSig.hs", srcSpanStartLine = 1, srcSpanStartColumn = 27, srcSpanEndLine = 1, srcSpanEndColumn = 30}]}) [Ident (SrcSpanInfo {srcInfoSpan = SrcSpan {srcSpanFilename = "tests/examples/FamilyKindSig.hs", srcSpanStartLine = 1, srcSpanStartColumn = 14, srcSpanEndLine = 1, srcSpanEndColumn = 26}, srcInfoPoints = []}) "TypeFamilies"]] [] [TypeFamDecl (SrcSpanInfo {srcInfoSpan = SrcSpan {srcSpanFilename = "tests/examples/FamilyKindSig.hs", srcSpanStartLine = 4, srcSpanStartColumn = 1, srcSpanEndLine = 4, srcSpanEndColumn = 38}, srcInfoPoints = [SrcSpan {srcSpanFilename = "tests/examples/FamilyKindSig.hs", srcSpanStartLine = 4, srcSpanStartColumn = 1, srcSpanEndLine = 4, srcSpanEndColumn = 5},SrcSpan {srcSpanFilename = "tests/examples/FamilyKindSig.hs", srcSpanStartLine = 4, srcSpanStartColumn = 6, srcSpanEndLine = 4, srcSpanEndColumn = 12}]}) (DHead (SrcSpanInfo {srcInfoSpan = SrcSpan {srcSpanFilename = "tests/examples/FamilyKindSig.hs", srcSpanStartLine = 4, srcSpanStartColumn = 13, srcSpanEndLine = 4, srcSpanEndColumn = 24}, srcInfoPoints = []}) (Ident (SrcSpanInfo {srcInfoSpan = SrcSpan {srcSpanFilename = "tests/examples/FamilyKindSig.hs", srcSpanStartLine = 4, srcSpanStartColumn = 13, srcSpanEndLine = 4, srcSpanEndColumn = 24}, srcInfoPoints = []}) "WithKindSig") [KindedVar (SrcSpanInfo {srcInfoSpan = SrcSpan {srcSpanFilename = "tests/examples/FamilyKindSig.hs", srcSpanStartLine = 4, srcSpanStartColumn = 25, srcSpanEndLine = 4, srcSpanEndColumn = 38}, srcInfoPoints = [SrcSpan {srcSpanFilename = "tests/examples/FamilyKindSig.hs", srcSpanStartLine = 4, srcSpanStartColumn = 25, srcSpanEndLine = 4, srcSpanEndColumn = 26},SrcSpan {srcSpanFilename = "tests/examples/FamilyKindSig.hs", srcSpanStartLine = 4, srcSpanStartColumn = 28, srcSpanEndLine = 4, srcSpanEndColumn = 30},SrcSpan {srcSpanFilename = "tests/examples/FamilyKindSig.hs", srcSpanStartLine = 4, srcSpanStartColumn = 37, srcSpanEndLine = 4, srcSpanEndColumn = 38}]}) (Ident (SrcSpanInfo {srcInfoSpan = SrcSpan {srcSpanFilename = "tests/examples/FamilyKindSig.hs", srcSpanStartLine = 4, srcSpanStartColumn = 26, srcSpanEndLine = 4, srcSpanEndColumn = 27}, srcInfoPoints = []}) "a") (KindFn (SrcSpanInfo {srcInfoSpan = SrcSpan {srcSpanFilename = "tests/examples/FamilyKindSig.hs", srcSpanStartLine = 4, srcSpanStartColumn = 31, srcSpanEndLine = 4, srcSpanEndColumn = 37}, srcInfoPoints = [SrcSpan {srcSpanFilename = "tests/examples/FamilyKindSig.hs", srcSpanStartLine = 4, srcSpanStartColumn = 33, srcSpanEndLine = 4, srcSpanEndColumn = 35}]}) (KindStar (SrcSpanInfo {srcInfoSpan = SrcSpan {srcSpanFilename = "tests/examples/FamilyKindSig.hs", srcSpanStartLine = 4, srcSpanStartColumn = 31, srcSpanEndLine = 4, srcSpanEndColumn = 32}, srcInfoPoints = []})) (KindStar (SrcSpanInfo {srcInfoSpan = SrcSpan {srcSpanFilename = "tests/examples/FamilyKindSig.hs", srcSpanStartLine = 4, srcSpanStartColumn = 36, srcSpanEndLine = 4, srcSpanEndColumn = 37}, srcInfoPoints = []})))]) Nothing],[])
