ParseOk (Module (SrcSpanInfo {srcInfoSpan = SrcSpan {srcSpanFilename = "tests/examples/FFIExtensions.hs", srcSpanStartLine = 1, srcSpanStartColumn = 1, srcSpanEndLine = 8, srcSpanEndColumn = 1}, srcInfoPoints = [SrcSpan {srcSpanFilename = "tests/examples/FFIExtensions.hs", srcSpanStartLine = 1, srcSpanStartColumn = 1, srcSpanEndLine = 1, srcSpanEndColumn = 1},SrcSpan {srcSpanFilename = "tests/examples/FFIExtensions.hs", srcSpanStartLine = 2, srcSpanStartColumn = 1, srcSpanEndLine = 2, srcSpanEndColumn = 1},SrcSpan {srcSpanFilename = "tests/examples/FFIExtensions.hs", srcSpanStartLine = 2, srcSpanStartColumn = 1, srcSpanEndLine = 2, srcSpanEndColumn = 1},SrcSpan {srcSpanFilename = "tests/examples/FFIExtensions.hs", srcSpanStartLine = 4, srcSpanStartColumn = 1, srcSpanEndLine = 4, srcSpanEndColumn = 1},SrcSpan {srcSpanFilename = "tests/examples/FFIExtensions.hs", srcSpanStartLine = 7, srcSpanStartColumn = 1, srcSpanEndLine = 7, srcSpanEndColumn = 1},SrcSpan {srcSpanFilename = "tests/examples/FFIExtensions.hs", srcSpanStartLine = 8, srcSpanStartColumn = 1, srcSpanEndLine = 8, srcSpanEndColumn = 1},SrcSpan {srcSpanFilename = "tests/examples/FFIExtensions.hs", srcSpanStartLine = 8, srcSpanStartColumn = 1, srcSpanEndLine = 8, srcSpanEndColumn = 1}]}) (Just (ModuleHead (SrcSpanInfo {srcInfoSpan = SrcSpan {srcSpanFilename = "tests/examples/FFIExtensions.hs", srcSpanStartLine = 2, srcSpanStartColumn = 1, srcSpanEndLine = 2, srcSpanEndColumn = 27}, srcInfoPoints = [SrcSpan {srcSpanFilename = "tests/examples/FFIExtensions.hs", srcSpanStartLine = 2, srcSpanStartColumn = 1, srcSpanEndLine = 2, srcSpanEndColumn = 7},SrcSpan {srcSpanFilename = "tests/examples/FFIExtensions.hs", srcSpanStartLine = 2, srcSpanStartColumn = 22, srcSpanEndLine = 2, srcSpanEndColumn = 27}]}) (ModuleName (SrcSpanInfo {srcInfoSpan = SrcSpan {srcSpanFilename = "tests/examples/FFIExtensions.hs", srcSpanStartLine = 2, srcSpanStartColumn = 8, srcSpanEndLine = 2, srcSpanEndColumn = 21}, srcInfoPoints = []}) "FFIExtensions") Nothing Nothing)) [LanguagePragma (SrcSpanInfo {srcInfoSpan = SrcSpan {srcSpanFilename = "tests/examples/FFIExtensions.hs", srcSpanStartLine = 1, srcSpanStartColumn = 1, srcSpanEndLine = 1, srcSpanEndColumn = 69}, srcInfoPoints = [SrcSpan {srcSpanFilename = "tests/examples/FFIExtensions.hs", srcSpanStartLine = 1, srcSpanStartColumn = 1, srcSpanEndLine = 1, srcSpanEndColumn = 13},SrcSpan {srcSpanFilename = "tests/examples/FFIExtensions.hs", srcSpanStartLine = 1, srcSpanStartColumn = 38, srcSpanEndLine = 1, srcSpanEndColumn = 39},SrcSpan {srcSpanFilename = "tests/examples/FFIExtensions.hs", srcSpanStartLine = 1, srcSpanStartColumn = 56, srcSpanEndLine = 1, srcSpanEndColumn = 57},SrcSpan {srcSpanFilename = "tests/examples/FFIExtensions.hs", srcSpanStartLine = 1, srcSpanStartColumn = 66, srcSpanEndLine = 1, srcSpanEndColumn = 69}]}) [Ident (SrcSpanInfo {srcInfoSpan = SrcSpan {srcSpanFilename = "tests/examples/FFIExtensions.hs", srcSpanStartLine = 1, srcSpanStartColumn = 14, srcSpanEndLine = 1, srcSpanEndColumn = 38}, srcInfoPoints = []}) "ForeignFunctionInterface",Ident (SrcSpanInfo {srcInfoSpan = SrcSpan {srcSpanFilename = "tests/examples/FFIExtensions.hs", srcSpanStartLine = 1, srcSpanStartColumn = 40, srcSpanEndLine = 1, srcSpanEndColumn = 56}, srcInfoPoints = []}) "InterruptibleFFI",Ident (SrcSpanInfo {srcInfoSpan = SrcSpan {srcSpanFilename = "tests/examples/FFIExtensions.hs", srcSpanStartLine = 1, srcSpanStartColumn = 58, srcSpanEndLine = 1, srcSpanEndColumn = 65}, srcInfoPoints = []}) "CApiFFI"]] [] [ForImp (SrcSpanInfo {srcInfoSpan = SrcSpan {srcSpanFilename = "tests/examples/FFIExtensions.hs", srcSpanStartLine = 4, srcSpanStartColumn = 1, srcSpanEndLine = 5, srcSpanEndColumn = 38}, srcInfoPoints = [SrcSpan {srcSpanFilename = "tests/examples/FFIExtensions.hs", srcSpanStartLine = 4, srcSpanStartColumn = 1, srcSpanEndLine = 4, srcSpanEndColumn = 8},SrcSpan {srcSpanFilename = "tests/examples/FFIExtensions.hs", srcSpanStartLine = 4, srcSpanStartColumn = 9, srcSpanEndLine = 4, srcSpanEndColumn = 15},SrcSpan {srcSpanFilename = "tests/examples/FFIExtensions.hs", srcSpanStartLine = 5, srcSpanStartColumn = 4, srcSpanEndLine = 5, srcSpanEndColumn = 11},SrcSpan {srcSpanFilename = "tests/examples/FFIExtensions.hs", srcSpanStartLine = 5, srcSpanStartColumn = 18, srcSpanEndLine = 5, srcSpanEndColumn = 20}]}) (CCall (SrcSpanInfo {srcInfoSpan = SrcSpan {srcSpanFilename = "tests/examples/FFIExtensions.hs", srcSpanStartLine = 4, srcSpanStartColumn = 16, srcSpanEndLine = 4, srcSpanEndColumn = 21}, srcInfoPoints = []})) (Just (PlayInterruptible (SrcSpanInfo {srcInfoSpan = SrcSpan {srcSpanFilename = "tests/examples/FFIExtensions.hs", srcSpanStartLine = 4, srcSpanStartColumn = 22, srcSpanEndLine = 4, srcSpanEndColumn = 35}, srcInfoPoints = []}))) (Just "sleep") (Ident (SrcSpanInfo {srcInfoSpan = SrcSpan {srcSpanFilename = "tests/examples/FFIExtensions.hs", srcSpanStartLine = 5, srcSpanStartColumn = 12, srcSpanEndLine = 5, srcSpanEndColumn = 17}, srcInfoPoints = []}) "sleep") (TyFun (SrcSpanInfo {srcInfoSpan = SrcSpan {srcSpanFilename = "tests/examples/FFIExtensions.hs", srcSpanStartLine = 5, srcSpanStartColumn = 21, srcSpanEndLine = 5, srcSpanEndColumn = 38}, srcInfoPoints = [SrcSpan {srcSpanFilename = "tests/examples/FFIExtensions.hs", srcSpanStartLine = 5, srcSpanStartColumn = 27, srcSpanEndLine = 5, srcSpanEndColumn = 29}]}) (TyCon (SrcSpanInfo {srcInfoSpan = SrcSpan {srcSpanFilename = "tests/examples/FFIExtensions.hs", srcSpanStartLine = 5, srcSpanStartColumn = 21, srcSpanEndLine = 5, srcSpanEndColumn = 26}, srcInfoPoints = []}) (UnQual (SrcSpanInfo {srcInfoSpan = SrcSpan {srcSpanFilename = "tests/examples/FFIExtensions.hs", srcSpanStartLine = 5, srcSpanStartColumn = 21, srcSpanEndLine = 5, srcSpanEndColumn = 26}, srcInfoPoints = []}) (Ident (SrcSpanInfo {srcInfoSpan = SrcSpan {srcSpanFilename = "tests/examples/FFIExtensions.hs", srcSpanStartLine = 5, srcSpanStartColumn = 21, srcSpanEndLine = 5, srcSpanEndColumn = 26}, srcInfoPoints = []}) "CUint"))) (TyApp (SrcSpanInfo {srcInfoSpan = SrcSpan {srcSpanFilename = "tests/examples/FFIExtensions.hs", srcSpanStartLine = 5, srcSpanStartColumn = 30, srcSpanEndLine = 5, srcSpanEndColumn = 38}, srcInfoPoints = []}) (TyCon (SrcSpanInfo {srcInfoSpan = SrcSpan {srcSpanFilename = "tests/examples/FFIExtensions.hs", srcSpanStartLine = 5, srcSpanStartColumn = 30, srcSpanEndLine = 5, srcSpanEndColumn = 32}, srcInfoPoints = []}) (UnQual (SrcSpanInfo {srcInfoSpan = SrcSpan {srcSpanFilename = "tests/examples/FFIExtensions.hs", srcSpanStartLine = 5, srcSpanStartColumn = 30, srcSpanEndLine = 5, srcSpanEndColumn = 32}, srcInfoPoints = []}) (Ident (SrcSpanInfo {srcInfoSpan = SrcSpan {srcSpanFilename = "tests/examples/FFIExtensions.hs", srcSpanStartLine = 5, srcSpanStartColumn = 30, srcSpanEndLine = 5, srcSpanEndColumn = 32}, srcInfoPoints = []}) "IO"))) (TyCon (SrcSpanInfo {srcInfoSpan = SrcSpan {srcSpanFilename = "tests/examples/FFIExtensions.hs", srcSpanStartLine = 5, srcSpanStartColumn = 33, srcSpanEndLine = 5, srcSpanEndColumn = 38}, srcInfoPoints = []}) (UnQual (SrcSpanInfo {srcInfoSpan = SrcSpan {srcSpanFilename = "tests/examples/FFIExtensions.hs", srcSpanStartLine = 5, srcSpanStartColumn = 33, srcSpanEndLine = 5, srcSpanEndColumn = 38}, srcInfoPoints = []}) (Ident (SrcSpanInfo {srcInfoSpan = SrcSpan {srcSpanFilename = "tests/examples/FFIExtensions.hs", srcSpanStartLine = 5, srcSpanStartColumn = 33, srcSpanEndLine = 5, srcSpanEndColumn = 38}, srcInfoPoints = []}) "CUint"))))),ForImp (SrcSpanInfo {srcInfoSpan = SrcSpan {srcSpanFilename = "tests/examples/FFIExtensions.hs", srcSpanStartLine = 7, srcSpanStartColumn = 1, srcSpanEndLine = 7, srcSpanEndColumn = 54}, srcInfoPoints = [SrcSpan {srcSpanFilename = "tests/examples/FFIExtensions.hs", srcSpanStartLine = 7, srcSpanStartColumn = 1, srcSpanEndLine = 7, srcSpanEndColumn = 8},SrcSpan {srcSpanFilename = "tests/examples/FFIExtensions.hs", srcSpanStartLine = 7, srcSpanStartColumn = 9, srcSpanEndLine = 7, srcSpanEndColumn = 15},SrcSpan {srcSpanFilename = "tests/examples/FFIExtensions.hs", srcSpanStartLine = 7, srcSpanStartColumn = 21, srcSpanEndLine = 7, srcSpanEndColumn = 33},SrcSpan {srcSpanFilename = "tests/examples/FFIExtensions.hs", srcSpanStartLine = 7, srcSpanStartColumn = 36, srcSpanEndLine = 7, srcSpanEndColumn = 38}]}) (CApi (SrcSpanInfo {srcInfoSpan = SrcSpan {srcSpanFilename = "tests/examples/FFIExtensions.hs", srcSpanStartLine = 7, srcSpanStartColumn = 16, srcSpanEndLine = 7, srcSpanEndColumn = 20}, srcInfoPoints = []})) Nothing (Just "header.h f") (Ident (SrcSpanInfo {srcInfoSpan = SrcSpan {srcSpanFilename = "tests/examples/FFIExtensions.hs", srcSpanStartLine = 7, srcSpanStartColumn = 34, srcSpanEndLine = 7, srcSpanEndColumn = 35}, srcInfoPoints = []}) "f") (TyFun (SrcSpanInfo {srcInfoSpan = SrcSpan {srcSpanFilename = "tests/examples/FFIExtensions.hs", srcSpanStartLine = 7, srcSpanStartColumn = 39, srcSpanEndLine = 7, srcSpanEndColumn = 54}, srcInfoPoints = [SrcSpan {srcSpanFilename = "tests/examples/FFIExtensions.hs", srcSpanStartLine = 7, srcSpanStartColumn = 44, srcSpanEndLine = 7, srcSpanEndColumn = 46}]}) (TyCon (SrcSpanInfo {srcInfoSpan = SrcSpan {srcSpanFilename = "tests/examples/FFIExtensions.hs", srcSpanStartLine = 7, srcSpanStartColumn = 39, srcSpanEndLine = 7, srcSpanEndColumn = 43}, srcInfoPoints = []}) (UnQual (SrcSpanInfo {srcInfoSpan = SrcSpan {srcSpanFilename = "tests/examples/FFIExtensions.hs", srcSpanStartLine = 7, srcSpanStartColumn = 39, srcSpanEndLine = 7, srcSpanEndColumn = 43}, srcInfoPoints = []}) (Ident (SrcSpanInfo {srcInfoSpan = SrcSpan {srcSpanFilename = "tests/examples/FFIExtensions.hs", srcSpanStartLine = 7, srcSpanStartColumn = 39, srcSpanEndLine = 7, srcSpanEndColumn = 43}, srcInfoPoints = []}) "CInt"))) (TyApp (SrcSpanInfo {srcInfoSpan = SrcSpan {srcSpanFilename = "tests/examples/FFIExtensions.hs", srcSpanStartLine = 7, srcSpanStartColumn = 47, srcSpanEndLine = 7, srcSpanEndColumn = 54}, srcInfoPoints = []}) (TyCon (SrcSpanInfo {srcInfoSpan = SrcSpan {srcSpanFilename = "tests/examples/FFIExtensions.hs", srcSpanStartLine = 7, srcSpanStartColumn = 47, srcSpanEndLine = 7, srcSpanEndColumn = 49}, srcInfoPoints = []}) (UnQual (SrcSpanInfo {srcInfoSpan = SrcSpan {srcSpanFilename = "tests/examples/FFIExtensions.hs", srcSpanStartLine = 7, srcSpanStartColumn = 47, srcSpanEndLine = 7, srcSpanEndColumn = 49}, srcInfoPoints = []}) (Ident (SrcSpanInfo {srcInfoSpan = SrcSpan {srcSpanFilename = "tests/examples/FFIExtensions.hs", srcSpanStartLine = 7, srcSpanStartColumn = 47, srcSpanEndLine = 7, srcSpanEndColumn = 49}, srcInfoPoints = []}) "IO"))) (TyCon (SrcSpanInfo {srcInfoSpan = SrcSpan {srcSpanFilename = "tests/examples/FFIExtensions.hs", srcSpanStartLine = 7, srcSpanStartColumn = 50, srcSpanEndLine = 7, srcSpanEndColumn = 54}, srcInfoPoints = []}) (UnQual (SrcSpanInfo {srcInfoSpan = SrcSpan {srcSpanFilename = "tests/examples/FFIExtensions.hs", srcSpanStartLine = 7, srcSpanStartColumn = 50, srcSpanEndLine = 7, srcSpanEndColumn = 54}, srcInfoPoints = []}) (Ident (SrcSpanInfo {srcInfoSpan = SrcSpan {srcSpanFilename = "tests/examples/FFIExtensions.hs", srcSpanStartLine = 7, srcSpanStartColumn = 50, srcSpanEndLine = 7, srcSpanEndColumn = 54}, srcInfoPoints = []}) "CInt")))))],[])
