ParseOk (Module (SrcSpanInfo {srcInfoSpan = SrcSpan {srcSpanFilename = "tests/examples/GadtDeriving.hs", srcSpanStartLine = 1, srcSpanStartColumn = 1, srcSpanEndLine = 6, srcSpanEndColumn = 1}, srcInfoPoints = [SrcSpan {srcSpanFilename = "tests/examples/GadtDeriving.hs", srcSpanStartLine = 1, srcSpanStartColumn = 1, srcSpanEndLine = 1, srcSpanEndColumn = 1},SrcSpan {srcSpanFilename = "tests/examples/GadtDeriving.hs", srcSpanStartLine = 3, srcSpanStartColumn = 1, srcSpanEndLine = 3, srcSpanEndColumn = 1},SrcSpan {srcSpanFilename = "tests/examples/GadtDeriving.hs", srcSpanStartLine = 3, srcSpanStartColumn = 1, srcSpanEndLine = 3, srcSpanEndColumn = 1},SrcSpan {srcSpanFilename = "tests/examples/GadtDeriving.hs", srcSpanStartLine = 3, srcSpanStartColumn = 1, srcSpanEndLine = 3, srcSpanEndColumn = 1},SrcSpan {srcSpanFilename = "tests/examples/GadtDeriving.hs", srcSpanStartLine = 6, srcSpanStartColumn = 1, srcSpanEndLine = 6, srcSpanEndColumn = 1},SrcSpan {srcSpanFilename = "tests/examples/GadtDeriving.hs", srcSpanStartLine = 6, srcSpanStartColumn = 1, srcSpanEndLine = 6, srcSpanEndColumn = 1}]}) Nothing [LanguagePragma (SrcSpanInfo {srcInfoSpan = SrcSpan {srcSpanFilename = "tests/examples/GadtDeriving.hs", srcSpanStartLine = 1, srcSpanStartColumn = 1, srcSpanEndLine = 1, srcSpanEndColumn = 23}, srcInfoPoints = [SrcSpan {srcSpanFilename = "tests/examples/GadtDeriving.hs", srcSpanStartLine = 1, srcSpanStartColumn = 1, srcSpanEndLine = 1, srcSpanEndColumn = 13},SrcSpan {srcSpanFilename = "tests/examples/GadtDeriving.hs", srcSpanStartLine = 1, srcSpanStartColumn = 20, srcSpanEndLine = 1, srcSpanEndColumn = 23}]}) [Ident (SrcSpanInfo {srcInfoSpan = SrcSpan {srcSpanFilename = "tests/examples/GadtDeriving.hs", srcSpanStartLine = 1, srcSpanStartColumn = 14, srcSpanEndLine = 1, srcSpanEndColumn = 19}, srcInfoPoints = []}) "GADTs"]] [] [GDataDecl (SrcSpanInfo {srcInfoSpan = SrcSpan {srcSpanFilename = "tests/examples/GadtDeriving.hs", srcSpanStartLine = 3, srcSpanStartColumn = 1, srcSpanEndLine = 5, srcSpanEndColumn = 31}, srcInfoPoints = [SrcSpan {srcSpanFilename = "tests/examples/GadtDeriving.hs", srcSpanStartLine = 3, srcSpanStartColumn = 10, srcSpanEndLine = 3, srcSpanEndColumn = 15},SrcSpan {srcSpanFilename = "tests/examples/GadtDeriving.hs", srcSpanStartLine = 4, srcSpanStartColumn = 5, srcSpanEndLine = 4, srcSpanEndColumn = 5},SrcSpan {srcSpanFilename = "tests/examples/GadtDeriving.hs", srcSpanStartLine = 5, srcSpanStartColumn = 5, srcSpanEndLine = 5, srcSpanEndColumn = 5},SrcSpan {srcSpanFilename = "tests/examples/GadtDeriving.hs", srcSpanStartLine = 5, srcSpanStartColumn = 5, srcSpanEndLine = 5, srcSpanEndColumn = 5}]}) (DataType (SrcSpanInfo {srcInfoSpan = SrcSpan {srcSpanFilename = "tests/examples/GadtDeriving.hs", srcSpanStartLine = 3, srcSpanStartColumn = 1, srcSpanEndLine = 3, srcSpanEndColumn = 5}, srcInfoPoints = []})) Nothing (DHead (SrcSpanInfo {srcInfoSpan = SrcSpan {srcSpanFilename = "tests/examples/GadtDeriving.hs", srcSpanStartLine = 3, srcSpanStartColumn = 6, srcSpanEndLine = 3, srcSpanEndColumn = 9}, srcInfoPoints = []}) (Ident (SrcSpanInfo {srcInfoSpan = SrcSpan {srcSpanFilename = "tests/examples/GadtDeriving.hs", srcSpanStartLine = 3, srcSpanStartColumn = 6, srcSpanEndLine = 3, srcSpanEndColumn = 9}, srcInfoPoints = []}) "Foo") []) Nothing [GadtDecl (SrcSpanInfo {srcInfoSpan = SrcSpan {srcSpanFilename = "tests/examples/GadtDeriving.hs", srcSpanStartLine = 4, srcSpanStartColumn = 5, srcSpanEndLine = 4, srcSpanEndColumn = 22}, srcInfoPoints = [SrcSpan {srcSpanFilename = "tests/examples/GadtDeriving.hs", srcSpanStartLine = 4, srcSpanStartColumn = 9, srcSpanEndLine = 4, srcSpanEndColumn = 11}]}) (Ident (SrcSpanInfo {srcInfoSpan = SrcSpan {srcSpanFilename = "tests/examples/GadtDeriving.hs", srcSpanStartLine = 4, srcSpanStartColumn = 5, srcSpanEndLine = 4, srcSpanEndColumn = 8}, srcInfoPoints = []}) "Foo") (TyFun (SrcSpanInfo {srcInfoSpan = SrcSpan {srcSpanFilename = "tests/examples/GadtDeriving.hs", srcSpanStartLine = 4, srcSpanStartColumn = 12, srcSpanEndLine = 4, srcSpanEndColumn = 22}, srcInfoPoints = [SrcSpan {srcSpanFilename = "tests/examples/GadtDeriving.hs", srcSpanStartLine = 4, srcSpanStartColumn = 16, srcSpanEndLine = 4, srcSpanEndColumn = 18}]}) (TyCon (SrcSpanInfo {srcInfoSpan = SrcSpan {srcSpanFilename = "tests/examples/GadtDeriving.hs", srcSpanStartLine = 4, srcSpanStartColumn = 12, srcSpanEndLine = 4, srcSpanEndColumn = 15}, srcInfoPoints = []}) (UnQual (SrcSpanInfo {srcInfoSpan = SrcSpan {srcSpanFilename = "tests/examples/GadtDeriving.hs", srcSpanStartLine = 4, srcSpanStartColumn = 12, srcSpanEndLine = 4, srcSpanEndColumn = 15}, srcInfoPoints = []}) (Ident (SrcSpanInfo {srcInfoSpan = SrcSpan {srcSpanFilename = "tests/examples/GadtDeriving.hs", srcSpanStartLine = 4, srcSpanStartColumn = 12, srcSpanEndLine = 4, srcSpanEndColumn = 15}, srcInfoPoints = []}) "Int"))) (TyCon (SrcSpanInfo {srcInfoSpan = SrcSpan {srcSpanFilename = "tests/examples/GadtDeriving.hs", srcSpanStartLine = 4, srcSpanStartColumn = 19, srcSpanEndLine = 4, srcSpanEndColumn = 22}, srcInfoPoints = []}) (UnQual (SrcSpanInfo {srcInfoSpan = SrcSpan {srcSpanFilename = "tests/examples/GadtDeriving.hs", srcSpanStartLine = 4, srcSpanStartColumn = 19, srcSpanEndLine = 4, srcSpanEndColumn = 22}, srcInfoPoints = []}) (Ident (SrcSpanInfo {srcInfoSpan = SrcSpan {srcSpanFilename = "tests/examples/GadtDeriving.hs", srcSpanStartLine = 4, srcSpanStartColumn = 19, srcSpanEndLine = 4, srcSpanEndColumn = 22}, srcInfoPoints = []}) "Foo"))))] (Just (Deriving (SrcSpanInfo {srcInfoSpan = SrcSpan {srcSpanFilename = "tests/examples/GadtDeriving.hs", srcSpanStartLine = 5, srcSpanStartColumn = 5, srcSpanEndLine = 5, srcSpanEndColumn = 31}, srcInfoPoints = [SrcSpan {srcSpanFilename = "tests/examples/GadtDeriving.hs", srcSpanStartLine = 5, srcSpanStartColumn = 5, srcSpanEndLine = 5, srcSpanEndColumn = 13},SrcSpan {srcSpanFilename = "tests/examples/GadtDeriving.hs", srcSpanStartLine = 5, srcSpanStartColumn = 14, srcSpanEndLine = 5, srcSpanEndColumn = 15},SrcSpan {srcSpanFilename = "tests/examples/GadtDeriving.hs", srcSpanStartLine = 5, srcSpanStartColumn = 17, srcSpanEndLine = 5, srcSpanEndColumn = 18},SrcSpan {srcSpanFilename = "tests/examples/GadtDeriving.hs", srcSpanStartLine = 5, srcSpanStartColumn = 21, srcSpanEndLine = 5, srcSpanEndColumn = 22},SrcSpan {srcSpanFilename = "tests/examples/GadtDeriving.hs", srcSpanStartLine = 5, srcSpanStartColumn = 30, srcSpanEndLine = 5, srcSpanEndColumn = 31}]}) [IHead (SrcSpanInfo {srcInfoSpan = SrcSpan {srcSpanFilename = "tests/examples/GadtDeriving.hs", srcSpanStartLine = 5, srcSpanStartColumn = 15, srcSpanEndLine = 5, srcSpanEndColumn = 17}, srcInfoPoints = []}) (UnQual (SrcSpanInfo {srcInfoSpan = SrcSpan {srcSpanFilename = "tests/examples/GadtDeriving.hs", srcSpanStartLine = 5, srcSpanStartColumn = 15, srcSpanEndLine = 5, srcSpanEndColumn = 17}, srcInfoPoints = []}) (Ident (SrcSpanInfo {srcInfoSpan = SrcSpan {srcSpanFilename = "tests/examples/GadtDeriving.hs", srcSpanStartLine = 5, srcSpanStartColumn = 15, srcSpanEndLine = 5, srcSpanEndColumn = 17}, srcInfoPoints = []}) "Eq")) [],IHead (SrcSpanInfo {srcInfoSpan = SrcSpan {srcSpanFilename = "tests/examples/GadtDeriving.hs", srcSpanStartLine = 5, srcSpanStartColumn = 18, srcSpanEndLine = 5, srcSpanEndColumn = 21}, srcInfoPoints = []}) (UnQual (SrcSpanInfo {srcInfoSpan = SrcSpan {srcSpanFilename = "tests/examples/GadtDeriving.hs", srcSpanStartLine = 5, srcSpanStartColumn = 18, srcSpanEndLine = 5, srcSpanEndColumn = 21}, srcInfoPoints = []}) (Ident (SrcSpanInfo {srcInfoSpan = SrcSpan {srcSpanFilename = "tests/examples/GadtDeriving.hs", srcSpanStartLine = 5, srcSpanStartColumn = 18, srcSpanEndLine = 5, srcSpanEndColumn = 21}, srcInfoPoints = []}) "Ord")) [],IHead (SrcSpanInfo {srcInfoSpan = SrcSpan {srcSpanFilename = "tests/examples/GadtDeriving.hs", srcSpanStartLine = 5, srcSpanStartColumn = 22, srcSpanEndLine = 5, srcSpanEndColumn = 30}, srcInfoPoints = []}) (UnQual (SrcSpanInfo {srcInfoSpan = SrcSpan {srcSpanFilename = "tests/examples/GadtDeriving.hs", srcSpanStartLine = 5, srcSpanStartColumn = 22, srcSpanEndLine = 5, srcSpanEndColumn = 30}, srcInfoPoints = []}) (Ident (SrcSpanInfo {srcInfoSpan = SrcSpan {srcSpanFilename = "tests/examples/GadtDeriving.hs", srcSpanStartLine = 5, srcSpanStartColumn = 22, srcSpanEndLine = 5, srcSpanEndColumn = 30}, srcInfoPoints = []}) "Typeable")) []]))],[])
