ParseFailed (SrcLoc {srcFilename = "tests/examples/GADTRecord.hs", srcLine = 4, srcColumn = 8}) "Parse error: {"
