ParseOk (Module (SrcSpanInfo {srcInfoSpan = SrcSpan {srcSpanFilename = "tests/examples/HexPrec.hs", srcSpanStartLine = 1, srcSpanStartColumn = 1, srcSpanEndLine = 7, srcSpanEndColumn = 1}, srcInfoPoints = [SrcSpan {srcSpanFilename = "tests/examples/HexPrec.hs", srcSpanStartLine = 1, srcSpanStartColumn = 1, srcSpanEndLine = 1, srcSpanEndColumn = 1},SrcSpan {srcSpanFilename = "tests/examples/HexPrec.hs", srcSpanStartLine = 1, srcSpanStartColumn = 1, srcSpanEndLine = 1, srcSpanEndColumn = 1},SrcSpan {srcSpanFilename = "tests/examples/HexPrec.hs", srcSpanStartLine = 3, srcSpanStartColumn = 1, srcSpanEndLine = 3, srcSpanEndColumn = 1},SrcSpan {srcSpanFilename = "tests/examples/HexPrec.hs", srcSpanStartLine = 4, srcSpanStartColumn = 1, srcSpanEndLine = 4, srcSpanEndColumn = 1},SrcSpan {srcSpanFilename = "tests/examples/HexPrec.hs", srcSpanStartLine = 6, srcSpanStartColumn = 1, srcSpanEndLine = 6, srcSpanEndColumn = 1},SrcSpan {srcSpanFilename = "tests/examples/HexPrec.hs", srcSpanStartLine = 7, srcSpanStartColumn = 1, srcSpanEndLine = 7, srcSpanEndColumn = 1},SrcSpan {srcSpanFilename = "tests/examples/HexPrec.hs", srcSpanStartLine = 7, srcSpanStartColumn = 1, srcSpanEndLine = 7, srcSpanEndColumn = 1}]}) (Just (ModuleHead (SrcSpanInfo {srcInfoSpan = SrcSpan {srcSpanFilename = "tests/examples/HexPrec.hs", srcSpanStartLine = 1, srcSpanStartColumn = 1, srcSpanEndLine = 1, srcSpanEndColumn = 21}, srcInfoPoints = [SrcSpan {srcSpanFilename = "tests/examples/HexPrec.hs", srcSpanStartLine = 1, srcSpanStartColumn = 1, srcSpanEndLine = 1, srcSpanEndColumn = 7},SrcSpan {srcSpanFilename = "tests/examples/HexPrec.hs", srcSpanStartLine = 1, srcSpanStartColumn = 16, srcSpanEndLine = 1, srcSpanEndColumn = 21}]}) (ModuleName (SrcSpanInfo {srcInfoSpan = SrcSpan {srcSpanFilename = "tests/examples/HexPrec.hs", srcSpanStartLine = 1, srcSpanStartColumn = 8, srcSpanEndLine = 1, srcSpanEndColumn = 15}, srcInfoPoints = []}) "HexPrec") Nothing Nothing)) [] [] [TypeSig (SrcSpanInfo {srcInfoSpan = SrcSpan {srcSpanFilename = "tests/examples/HexPrec.hs", srcSpanStartLine = 3, srcSpanStartColumn = 1, srcSpanEndLine = 3, srcSpanEndColumn = 26}, srcInfoPoints = [SrcSpan {srcSpanFilename = "tests/examples/HexPrec.hs", srcSpanStartLine = 3, srcSpanStartColumn = 6, srcSpanEndLine = 3, srcSpanEndColumn = 8}]}) [Symbol (SrcSpanInfo {srcInfoSpan = SrcSpan {srcSpanFilename = "tests/examples/HexPrec.hs", srcSpanStartLine = 3, srcSpanStartColumn = 1, srcSpanEndLine = 3, srcSpanEndColumn = 5}, srcInfoPoints = [SrcSpan {srcSpanFilename = "tests/examples/HexPrec.hs", srcSpanStartLine = 3, srcSpanStartColumn = 1, srcSpanEndLine = 3, srcSpanEndColumn = 2},SrcSpan {srcSpanFilename = "tests/examples/HexPrec.hs", srcSpanStartLine = 3, srcSpanStartColumn = 2, srcSpanEndLine = 3, srcSpanEndColumn = 4},SrcSpan {srcSpanFilename = "tests/examples/HexPrec.hs", srcSpanStartLine = 3, srcSpanStartColumn = 4, srcSpanEndLine = 3, srcSpanEndColumn = 5}]}) "%%"] (TyFun (SrcSpanInfo {srcInfoSpan = SrcSpan {srcSpanFilename = "tests/examples/HexPrec.hs", srcSpanStartLine = 3, srcSpanStartColumn = 9, srcSpanEndLine = 3, srcSpanEndColumn = 26}, srcInfoPoints = [SrcSpan {srcSpanFilename = "tests/examples/HexPrec.hs", srcSpanStartLine = 3, srcSpanStartColumn = 13, srcSpanEndLine = 3, srcSpanEndColumn = 15}]}) (TyCon (SrcSpanInfo {srcInfoSpan = SrcSpan {srcSpanFilename = "tests/examples/HexPrec.hs", srcSpanStartLine = 3, srcSpanStartColumn = 9, srcSpanEndLine = 3, srcSpanEndColumn = 12}, srcInfoPoints = []}) (UnQual (SrcSpanInfo {srcInfoSpan = SrcSpan {srcSpanFilename = "tests/examples/HexPrec.hs", srcSpanStartLine = 3, srcSpanStartColumn = 9, srcSpanEndLine = 3, srcSpanEndColumn = 12}, srcInfoPoints = []}) (Ident (SrcSpanInfo {srcInfoSpan = SrcSpan {srcSpanFilename = "tests/examples/HexPrec.hs", srcSpanStartLine = 3, srcSpanStartColumn = 9, srcSpanEndLine = 3, srcSpanEndColumn = 12}, srcInfoPoints = []}) "Int"))) (TyFun (SrcSpanInfo {srcInfoSpan = SrcSpan {srcSpanFilename = "tests/examples/HexPrec.hs", srcSpanStartLine = 3, srcSpanStartColumn = 16, srcSpanEndLine = 3, srcSpanEndColumn = 26}, srcInfoPoints = [SrcSpan {srcSpanFilename = "tests/examples/HexPrec.hs", srcSpanStartLine = 3, srcSpanStartColumn = 20, srcSpanEndLine = 3, srcSpanEndColumn = 22}]}) (TyCon (SrcSpanInfo {srcInfoSpan = SrcSpan {srcSpanFilename = "tests/examples/HexPrec.hs", srcSpanStartLine = 3, srcSpanStartColumn = 16, srcSpanEndLine = 3, srcSpanEndColumn = 19}, srcInfoPoints = []}) (UnQual (SrcSpanInfo {srcInfoSpan = SrcSpan {srcSpanFilename = "tests/examples/HexPrec.hs", srcSpanStartLine = 3, srcSpanStartColumn = 16, srcSpanEndLine = 3, srcSpanEndColumn = 19}, srcInfoPoints = []}) (Ident (SrcSpanInfo {srcInfoSpan = SrcSpan {srcSpanFilename = "tests/examples/HexPrec.hs", srcSpanStartLine = 3, srcSpanStartColumn = 16, srcSpanEndLine = 3, srcSpanEndColumn = 19}, srcInfoPoints = []}) "Int"))) (TyCon (SrcSpanInfo {srcInfoSpan = SrcSpan {srcSpanFilename = "tests/examples/HexPrec.hs", srcSpanStartLine = 3, srcSpanStartColumn = 23, srcSpanEndLine = 3, srcSpanEndColumn = 26}, srcInfoPoints = []}) (UnQual (SrcSpanInfo {srcInfoSpan = SrcSpan {srcSpanFilename = "tests/examples/HexPrec.hs", srcSpanStartLine = 3, srcSpanStartColumn = 23, srcSpanEndLine = 3, srcSpanEndColumn = 26}, srcInfoPoints = []}) (Ident (SrcSpanInfo {srcInfoSpan = SrcSpan {srcSpanFilename = "tests/examples/HexPrec.hs", srcSpanStartLine = 3, srcSpanStartColumn = 23, srcSpanEndLine = 3, srcSpanEndColumn = 26}, srcInfoPoints = []}) "Int"))))),FunBind (SrcSpanInfo {srcInfoSpan = SrcSpan {srcSpanFilename = "tests/examples/HexPrec.hs", srcSpanStartLine = 4, srcSpanStartColumn = 1, srcSpanEndLine = 4, srcSpanEndColumn = 11}, srcInfoPoints = []}) [InfixMatch (SrcSpanInfo {srcInfoSpan = SrcSpan {srcSpanFilename = "tests/examples/HexPrec.hs", srcSpanStartLine = 4, srcSpanStartColumn = 1, srcSpanEndLine = 4, srcSpanEndColumn = 11}, srcInfoPoints = []}) (PVar (SrcSpanInfo {srcInfoSpan = SrcSpan {srcSpanFilename = "tests/examples/HexPrec.hs", srcSpanStartLine = 4, srcSpanStartColumn = 1, srcSpanEndLine = 4, srcSpanEndColumn = 2}, srcInfoPoints = []}) (Ident (SrcSpanInfo {srcInfoSpan = SrcSpan {srcSpanFilename = "tests/examples/HexPrec.hs", srcSpanStartLine = 4, srcSpanStartColumn = 1, srcSpanEndLine = 4, srcSpanEndColumn = 2}, srcInfoPoints = []}) "a")) (Symbol (SrcSpanInfo {srcInfoSpan = SrcSpan {srcSpanFilename = "tests/examples/HexPrec.hs", srcSpanStartLine = 4, srcSpanStartColumn = 3, srcSpanEndLine = 4, srcSpanEndColumn = 5}, srcInfoPoints = []}) "%%") [PVar (SrcSpanInfo {srcInfoSpan = SrcSpan {srcSpanFilename = "tests/examples/HexPrec.hs", srcSpanStartLine = 4, srcSpanStartColumn = 6, srcSpanEndLine = 4, srcSpanEndColumn = 7}, srcInfoPoints = []}) (Ident (SrcSpanInfo {srcInfoSpan = SrcSpan {srcSpanFilename = "tests/examples/HexPrec.hs", srcSpanStartLine = 4, srcSpanStartColumn = 6, srcSpanEndLine = 4, srcSpanEndColumn = 7}, srcInfoPoints = []}) "b")] (UnGuardedRhs (SrcSpanInfo {srcInfoSpan = SrcSpan {srcSpanFilename = "tests/examples/HexPrec.hs", srcSpanStartLine = 4, srcSpanStartColumn = 8, srcSpanEndLine = 4, srcSpanEndColumn = 11}, srcInfoPoints = [SrcSpan {srcSpanFilename = "tests/examples/HexPrec.hs", srcSpanStartLine = 4, srcSpanStartColumn = 8, srcSpanEndLine = 4, srcSpanEndColumn = 9}]}) (Lit (SrcSpanInfo {srcInfoSpan = SrcSpan {srcSpanFilename = "tests/examples/HexPrec.hs", srcSpanStartLine = 4, srcSpanStartColumn = 10, srcSpanEndLine = 4, srcSpanEndColumn = 11}, srcInfoPoints = []}) (Int (SrcSpanInfo {srcInfoSpan = SrcSpan {srcSpanFilename = "tests/examples/HexPrec.hs", srcSpanStartLine = 4, srcSpanStartColumn = 10, srcSpanEndLine = 4, srcSpanEndColumn = 11}, srcInfoPoints = []}) 0 "0"))) Nothing],InfixDecl (SrcSpanInfo {srcInfoSpan = SrcSpan {srcSpanFilename = "tests/examples/HexPrec.hs", srcSpanStartLine = 6, srcSpanStartColumn = 1, srcSpanEndLine = 6, srcSpanEndColumn = 15}, srcInfoPoints = [SrcSpan {srcSpanFilename = "tests/examples/HexPrec.hs", srcSpanStartLine = 6, srcSpanStartColumn = 8, srcSpanEndLine = 6, srcSpanEndColumn = 12}]}) (AssocLeft (SrcSpanInfo {srcInfoSpan = SrcSpan {srcSpanFilename = "tests/examples/HexPrec.hs", srcSpanStartLine = 6, srcSpanStartColumn = 1, srcSpanEndLine = 6, srcSpanEndColumn = 7}, srcInfoPoints = []})) (Just 2) [VarOp (SrcSpanInfo {srcInfoSpan = SrcSpan {srcSpanFilename = "tests/examples/HexPrec.hs", srcSpanStartLine = 6, srcSpanStartColumn = 13, srcSpanEndLine = 6, srcSpanEndColumn = 15}, srcInfoPoints = []}) (Symbol (SrcSpanInfo {srcInfoSpan = SrcSpan {srcSpanFilename = "tests/examples/HexPrec.hs", srcSpanStartLine = 6, srcSpanStartColumn = 13, srcSpanEndLine = 6, srcSpanEndColumn = 15}, srcInfoPoints = []}) "%%")]],[])
