ParseOk (Module (SrcSpanInfo {srcInfoSpan = SrcSpan {srcSpanFilename = "tests/examples/IfThenElseLayout.hs", srcSpanStartLine = 1, srcSpanStartColumn = 1, srcSpanEndLine = 13, srcSpanEndColumn = 1}, srcInfoPoints = [SrcSpan {srcSpanFilename = "tests/examples/IfThenElseLayout.hs", srcSpanStartLine = 1, srcSpanStartColumn = 1, srcSpanEndLine = 1, srcSpanEndColumn = 1},SrcSpan {srcSpanFilename = "tests/examples/IfThenElseLayout.hs", srcSpanStartLine = 2, srcSpanStartColumn = 1, srcSpanEndLine = 2, srcSpanEndColumn = 1},SrcSpan {srcSpanFilename = "tests/examples/IfThenElseLayout.hs", srcSpanStartLine = 2, srcSpanStartColumn = 1, srcSpanEndLine = 2, srcSpanEndColumn = 1},SrcSpan {srcSpanFilename = "tests/examples/IfThenElseLayout.hs", srcSpanStartLine = 4, srcSpanStartColumn = 1, srcSpanEndLine = 4, srcSpanEndColumn = 1},SrcSpan {srcSpanFilename = "tests/examples/IfThenElseLayout.hs", srcSpanStartLine = 5, srcSpanStartColumn = 1, srcSpanEndLine = 5, srcSpanEndColumn = 1},SrcSpan {srcSpanFilename = "tests/examples/IfThenElseLayout.hs", srcSpanStartLine = 13, srcSpanStartColumn = 1, srcSpanEndLine = 13, srcSpanEndColumn = 1},SrcSpan {srcSpanFilename = "tests/examples/IfThenElseLayout.hs", srcSpanStartLine = 13, srcSpanStartColumn = 1, srcSpanEndLine = 13, srcSpanEndColumn = 1}]}) (Just (ModuleHead (SrcSpanInfo {srcInfoSpan = SrcSpan {srcSpanFilename = "tests/examples/IfThenElseLayout.hs", srcSpanStartLine = 2, srcSpanStartColumn = 1, srcSpanEndLine = 2, srcSpanEndColumn = 30}, srcInfoPoints = [SrcSpan {srcSpanFilename = "tests/examples/IfThenElseLayout.hs", srcSpanStartLine = 2, srcSpanStartColumn = 1, srcSpanEndLine = 2, srcSpanEndColumn = 7},SrcSpan {srcSpanFilename = "tests/examples/IfThenElseLayout.hs", srcSpanStartLine = 2, srcSpanStartColumn = 25, srcSpanEndLine = 2, srcSpanEndColumn = 30}]}) (ModuleName (SrcSpanInfo {srcInfoSpan = SrcSpan {srcSpanFilename = "tests/examples/IfThenElseLayout.hs", srcSpanStartLine = 2, srcSpanStartColumn = 8, srcSpanEndLine = 2, srcSpanEndColumn = 24}, srcInfoPoints = []}) "IfThenElseLayout") Nothing Nothing)) [LanguagePragma (SrcSpanInfo {srcInfoSpan = SrcSpan {srcSpanFilename = "tests/examples/IfThenElseLayout.hs", srcSpanStartLine = 1, srcSpanStartColumn = 1, srcSpanEndLine = 1, srcSpanEndColumn = 33}, srcInfoPoints = [SrcSpan {srcSpanFilename = "tests/examples/IfThenElseLayout.hs", srcSpanStartLine = 1, srcSpanStartColumn = 1, srcSpanEndLine = 1, srcSpanEndColumn = 13},SrcSpan {srcSpanFilename = "tests/examples/IfThenElseLayout.hs", srcSpanStartLine = 1, srcSpanStartColumn = 30, srcSpanEndLine = 1, srcSpanEndColumn = 33}]}) [Ident (SrcSpanInfo {srcInfoSpan = SrcSpan {srcSpanFilename = "tests/examples/IfThenElseLayout.hs", srcSpanStartLine = 1, srcSpanStartColumn = 14, srcSpanEndLine = 1, srcSpanEndColumn = 29}, srcInfoPoints = []}) "DoAndIfThenElse"]] [] [TypeSig (SrcSpanInfo {srcInfoSpan = SrcSpan {srcSpanFilename = "tests/examples/IfThenElseLayout.hs", srcSpanStartLine = 4, srcSpanStartColumn = 1, srcSpanEndLine = 4, srcSpanEndColumn = 41}, srcInfoPoints = [SrcSpan {srcSpanFilename = "tests/examples/IfThenElseLayout.hs", srcSpanStartLine = 4, srcSpanStartColumn = 21, srcSpanEndLine = 4, srcSpanEndColumn = 23}]}) [Ident (SrcSpanInfo {srcInfoSpan = SrcSpan {srcSpanFilename = "tests/examples/IfThenElseLayout.hs", srcSpanStartLine = 4, srcSpanStartColumn = 1, srcSpanEndLine = 4, srcSpanEndColumn = 20}, srcInfoPoints = []}) "askCardsForExchange"] (TyFun (SrcSpanInfo {srcInfoSpan = SrcSpan {srcSpanFilename = "tests/examples/IfThenElseLayout.hs", srcSpanStartLine = 4, srcSpanStartColumn = 24, srcSpanEndLine = 4, srcSpanEndColumn = 41}, srcInfoPoints = [SrcSpan {srcSpanFilename = "tests/examples/IfThenElseLayout.hs", srcSpanStartLine = 4, srcSpanStartColumn = 29, srcSpanEndLine = 4, srcSpanEndColumn = 31}]}) (TyCon (SrcSpanInfo {srcInfoSpan = SrcSpan {srcSpanFilename = "tests/examples/IfThenElseLayout.hs", srcSpanStartLine = 4, srcSpanStartColumn = 24, srcSpanEndLine = 4, srcSpanEndColumn = 28}, srcInfoPoints = []}) (UnQual (SrcSpanInfo {srcInfoSpan = SrcSpan {srcSpanFilename = "tests/examples/IfThenElseLayout.hs", srcSpanStartLine = 4, srcSpanStartColumn = 24, srcSpanEndLine = 4, srcSpanEndColumn = 28}, srcInfoPoints = []}) (Ident (SrcSpanInfo {srcInfoSpan = SrcSpan {srcSpanFilename = "tests/examples/IfThenElseLayout.hs", srcSpanStartLine = 4, srcSpanStartColumn = 24, srcSpanEndLine = 4, srcSpanEndColumn = 28}, srcInfoPoints = []}) "Hand"))) (TyApp (SrcSpanInfo {srcInfoSpan = SrcSpan {srcSpanFilename = "tests/examples/IfThenElseLayout.hs", srcSpanStartLine = 4, srcSpanStartColumn = 32, srcSpanEndLine = 4, srcSpanEndColumn = 41}, srcInfoPoints = []}) (TyCon (SrcSpanInfo {srcInfoSpan = SrcSpan {srcSpanFilename = "tests/examples/IfThenElseLayout.hs", srcSpanStartLine = 4, srcSpanStartColumn = 32, srcSpanEndLine = 4, srcSpanEndColumn = 34}, srcInfoPoints = []}) (UnQual (SrcSpanInfo {srcInfoSpan = SrcSpan {srcSpanFilename = "tests/examples/IfThenElseLayout.hs", srcSpanStartLine = 4, srcSpanStartColumn = 32, srcSpanEndLine = 4, srcSpanEndColumn = 34}, srcInfoPoints = []}) (Ident (SrcSpanInfo {srcInfoSpan = SrcSpan {srcSpanFilename = "tests/examples/IfThenElseLayout.hs", srcSpanStartLine = 4, srcSpanStartColumn = 32, srcSpanEndLine = 4, srcSpanEndColumn = 34}, srcInfoPoints = []}) "IO"))) (TyList (SrcSpanInfo {srcInfoSpan = SrcSpan {srcSpanFilename = "tests/examples/IfThenElseLayout.hs", srcSpanStartLine = 4, srcSpanStartColumn = 35, srcSpanEndLine = 4, srcSpanEndColumn = 41}, srcInfoPoints = [SrcSpan {srcSpanFilename = "tests/examples/IfThenElseLayout.hs", srcSpanStartLine = 4, srcSpanStartColumn = 35, srcSpanEndLine = 4, srcSpanEndColumn = 36},SrcSpan {srcSpanFilename = "tests/examples/IfThenElseLayout.hs", srcSpanStartLine = 4, srcSpanStartColumn = 40, srcSpanEndLine = 4, srcSpanEndColumn = 41}]}) (TyCon (SrcSpanInfo {srcInfoSpan = SrcSpan {srcSpanFilename = "tests/examples/IfThenElseLayout.hs", srcSpanStartLine = 4, srcSpanStartColumn = 36, srcSpanEndLine = 4, srcSpanEndColumn = 40}, srcInfoPoints = []}) (UnQual (SrcSpanInfo {srcInfoSpan = SrcSpan {srcSpanFilename = "tests/examples/IfThenElseLayout.hs", srcSpanStartLine = 4, srcSpanStartColumn = 36, srcSpanEndLine = 4, srcSpanEndColumn = 40}, srcInfoPoints = []}) (Ident (SrcSpanInfo {srcInfoSpan = SrcSpan {srcSpanFilename = "tests/examples/IfThenElseLayout.hs", srcSpanStartLine = 4, srcSpanStartColumn = 36, srcSpanEndLine = 4, srcSpanEndColumn = 40}, srcInfoPoints = []}) "Card")))))),FunBind (SrcSpanInfo {srcInfoSpan = SrcSpan {srcSpanFilename = "tests/examples/IfThenElseLayout.hs", srcSpanStartLine = 5, srcSpanStartColumn = 1, srcSpanEndLine = 13, srcSpanEndColumn = 0}, srcInfoPoints = []}) [Match (SrcSpanInfo {srcInfoSpan = SrcSpan {srcSpanFilename = "tests/examples/IfThenElseLayout.hs", srcSpanStartLine = 5, srcSpanStartColumn = 1, srcSpanEndLine = 13, srcSpanEndColumn = 0}, srcInfoPoints = []}) (Ident (SrcSpanInfo {srcInfoSpan = SrcSpan {srcSpanFilename = "tests/examples/IfThenElseLayout.hs", srcSpanStartLine = 5, srcSpanStartColumn = 1, srcSpanEndLine = 5, srcSpanEndColumn = 20}, srcInfoPoints = []}) "askCardsForExchange") [PVar (SrcSpanInfo {srcInfoSpan = SrcSpan {srcSpanFilename = "tests/examples/IfThenElseLayout.hs", srcSpanStartLine = 5, srcSpanStartColumn = 21, srcSpanEndLine = 5, srcSpanEndColumn = 22}, srcInfoPoints = []}) (Ident (SrcSpanInfo {srcInfoSpan = SrcSpan {srcSpanFilename = "tests/examples/IfThenElseLayout.hs", srcSpanStartLine = 5, srcSpanStartColumn = 21, srcSpanEndLine = 5, srcSpanEndColumn = 22}, srcInfoPoints = []}) "h")] (UnGuardedRhs (SrcSpanInfo {srcInfoSpan = SrcSpan {srcSpanFilename = "tests/examples/IfThenElseLayout.hs", srcSpanStartLine = 5, srcSpanStartColumn = 23, srcSpanEndLine = 13, srcSpanEndColumn = 0}, srcInfoPoints = [SrcSpan {srcSpanFilename = "tests/examples/IfThenElseLayout.hs", srcSpanStartLine = 5, srcSpanStartColumn = 23, srcSpanEndLine = 5, srcSpanEndColumn = 24}]}) (Do (SrcSpanInfo {srcInfoSpan = SrcSpan {srcSpanFilename = "tests/examples/IfThenElseLayout.hs", srcSpanStartLine = 5, srcSpanStartColumn = 25, srcSpanEndLine = 13, srcSpanEndColumn = 0}, srcInfoPoints = [SrcSpan {srcSpanFilename = "tests/examples/IfThenElseLayout.hs", srcSpanStartLine = 5, srcSpanStartColumn = 25, srcSpanEndLine = 5, srcSpanEndColumn = 27},SrcSpan {srcSpanFilename = "tests/examples/IfThenElseLayout.hs", srcSpanStartLine = 6, srcSpanStartColumn = 26, srcSpanEndLine = 6, srcSpanEndColumn = 26},SrcSpan {srcSpanFilename = "tests/examples/IfThenElseLayout.hs", srcSpanStartLine = 7, srcSpanStartColumn = 26, srcSpanEndLine = 7, srcSpanEndColumn = 26},SrcSpan {srcSpanFilename = "tests/examples/IfThenElseLayout.hs", srcSpanStartLine = 8, srcSpanStartColumn = 26, srcSpanEndLine = 8, srcSpanEndColumn = 26},SrcSpan {srcSpanFilename = "tests/examples/IfThenElseLayout.hs", srcSpanStartLine = 13, srcSpanStartColumn = 1, srcSpanEndLine = 13, srcSpanEndColumn = 0}]}) [Qualifier (SrcSpanInfo {srcInfoSpan = SrcSpan {srcSpanFilename = "tests/examples/IfThenElseLayout.hs", srcSpanStartLine = 6, srcSpanStartColumn = 26, srcSpanEndLine = 6, srcSpanEndColumn = 80}, srcInfoPoints = []}) (App (SrcSpanInfo {srcInfoSpan = SrcSpan {srcSpanFilename = "tests/examples/IfThenElseLayout.hs", srcSpanStartLine = 6, srcSpanStartColumn = 26, srcSpanEndLine = 6, srcSpanEndColumn = 80}, srcInfoPoints = []}) (Var (SrcSpanInfo {srcInfoSpan = SrcSpan {srcSpanFilename = "tests/examples/IfThenElseLayout.hs", srcSpanStartLine = 6, srcSpanStartColumn = 26, srcSpanEndLine = 6, srcSpanEndColumn = 34}, srcInfoPoints = []}) (UnQual (SrcSpanInfo {srcInfoSpan = SrcSpan {srcSpanFilename = "tests/examples/IfThenElseLayout.hs", srcSpanStartLine = 6, srcSpanStartColumn = 26, srcSpanEndLine = 6, srcSpanEndColumn = 34}, srcInfoPoints = []}) (Ident (SrcSpanInfo {srcInfoSpan = SrcSpan {srcSpanFilename = "tests/examples/IfThenElseLayout.hs", srcSpanStartLine = 6, srcSpanStartColumn = 26, srcSpanEndLine = 6, srcSpanEndColumn = 34}, srcInfoPoints = []}) "putStrLn"))) (Lit (SrcSpanInfo {srcInfoSpan = SrcSpan {srcSpanFilename = "tests/examples/IfThenElseLayout.hs", srcSpanStartLine = 6, srcSpanStartColumn = 35, srcSpanEndLine = 6, srcSpanEndColumn = 80}, srcInfoPoints = []}) (String (SrcSpanInfo {srcInfoSpan = SrcSpan {srcSpanFilename = "tests/examples/IfThenElseLayout.hs", srcSpanStartLine = 6, srcSpanStartColumn = 35, srcSpanEndLine = 6, srcSpanEndColumn = 80}, srcInfoPoints = []}) "Wich card do you want to exchange? (Max. 3)" "Wich card do you want to exchange? (Max. 3)"))),Generator (SrcSpanInfo {srcInfoSpan = SrcSpan {srcSpanFilename = "tests/examples/IfThenElseLayout.hs", srcSpanStartLine = 7, srcSpanStartColumn = 26, srcSpanEndLine = 7, srcSpanEndColumn = 45}, srcInfoPoints = [SrcSpan {srcSpanFilename = "tests/examples/IfThenElseLayout.hs", srcSpanStartLine = 7, srcSpanStartColumn = 35, srcSpanEndLine = 7, srcSpanEndColumn = 37}]}) (PVar (SrcSpanInfo {srcInfoSpan = SrcSpan {srcSpanFilename = "tests/examples/IfThenElseLayout.hs", srcSpanStartLine = 7, srcSpanStartColumn = 26, srcSpanEndLine = 7, srcSpanEndColumn = 34}, srcInfoPoints = []}) (Ident (SrcSpanInfo {srcInfoSpan = SrcSpan {srcSpanFilename = "tests/examples/IfThenElseLayout.hs", srcSpanStartLine = 7, srcSpanStartColumn = 26, srcSpanEndLine = 7, srcSpanEndColumn = 34}, srcInfoPoints = []}) "response")) (Var (SrcSpanInfo {srcInfoSpan = SrcSpan {srcSpanFilename = "tests/examples/IfThenElseLayout.hs", srcSpanStartLine = 7, srcSpanStartColumn = 38, srcSpanEndLine = 7, srcSpanEndColumn = 45}, srcInfoPoints = []}) (UnQual (SrcSpanInfo {srcInfoSpan = SrcSpan {srcSpanFilename = "tests/examples/IfThenElseLayout.hs", srcSpanStartLine = 7, srcSpanStartColumn = 38, srcSpanEndLine = 7, srcSpanEndColumn = 45}, srcInfoPoints = []}) (Ident (SrcSpanInfo {srcInfoSpan = SrcSpan {srcSpanFilename = "tests/examples/IfThenElseLayout.hs", srcSpanStartLine = 7, srcSpanStartColumn = 38, srcSpanEndLine = 7, srcSpanEndColumn = 45}, srcInfoPoints = []}) "getLine"))),Qualifier (SrcSpanInfo {srcInfoSpan = SrcSpan {srcSpanFilename = "tests/examples/IfThenElseLayout.hs", srcSpanStartLine = 8, srcSpanStartColumn = 26, srcSpanEndLine = 11, srcSpanEndColumn = 61}, srcInfoPoints = [SrcSpan {srcSpanFilename = "tests/examples/IfThenElseLayout.hs", srcSpanStartLine = 8, srcSpanStartColumn = 26, srcSpanEndLine = 8, srcSpanEndColumn = 28},SrcSpan {srcSpanFilename = "tests/examples/IfThenElseLayout.hs", srcSpanStartLine = 8, srcSpanStartColumn = 90, srcSpanEndLine = 8, srcSpanEndColumn = 94},SrcSpan {srcSpanFilename = "tests/examples/IfThenElseLayout.hs", srcSpanStartLine = 10, srcSpanStartColumn = 26, srcSpanEndLine = 10, srcSpanEndColumn = 26},SrcSpan {srcSpanFilename = "tests/examples/IfThenElseLayout.hs", srcSpanStartLine = 10, srcSpanStartColumn = 26, srcSpanEndLine = 10, srcSpanEndColumn = 30}]}) (If (SrcSpanInfo {srcInfoSpan = SrcSpan {srcSpanFilename = "tests/examples/IfThenElseLayout.hs", srcSpanStartLine = 8, srcSpanStartColumn = 26, srcSpanEndLine = 11, srcSpanEndColumn = 61}, srcInfoPoints = [SrcSpan {srcSpanFilename = "tests/examples/IfThenElseLayout.hs", srcSpanStartLine = 8, srcSpanStartColumn = 26, srcSpanEndLine = 8, srcSpanEndColumn = 28},SrcSpan {srcSpanFilename = "tests/examples/IfThenElseLayout.hs", srcSpanStartLine = 8, srcSpanStartColumn = 90, srcSpanEndLine = 8, srcSpanEndColumn = 94},SrcSpan {srcSpanFilename = "tests/examples/IfThenElseLayout.hs", srcSpanStartLine = 10, srcSpanStartColumn = 26, srcSpanEndLine = 10, srcSpanEndColumn = 26},SrcSpan {srcSpanFilename = "tests/examples/IfThenElseLayout.hs", srcSpanStartLine = 10, srcSpanStartColumn = 26, srcSpanEndLine = 10, srcSpanEndColumn = 30}]}) (InfixApp (SrcSpanInfo {srcInfoSpan = SrcSpan {srcSpanFilename = "tests/examples/IfThenElseLayout.hs", srcSpanStartLine = 8, srcSpanStartColumn = 29, srcSpanEndLine = 8, srcSpanEndColumn = 89}, srcInfoPoints = []}) (InfixApp (SrcSpanInfo {srcInfoSpan = SrcSpan {srcSpanFilename = "tests/examples/IfThenElseLayout.hs", srcSpanStartLine = 8, srcSpanStartColumn = 29, srcSpanEndLine = 8, srcSpanEndColumn = 60}, srcInfoPoints = []}) (App (SrcSpanInfo {srcInfoSpan = SrcSpan {srcSpanFilename = "tests/examples/IfThenElseLayout.hs", srcSpanStartLine = 8, srcSpanStartColumn = 29, srcSpanEndLine = 8, srcSpanEndColumn = 56}, srcInfoPoints = []}) (Var (SrcSpanInfo {srcInfoSpan = SrcSpan {srcSpanFilename = "tests/examples/IfThenElseLayout.hs", srcSpanStartLine = 8, srcSpanStartColumn = 29, srcSpanEndLine = 8, srcSpanEndColumn = 35}, srcInfoPoints = []}) (UnQual (SrcSpanInfo {srcInfoSpan = SrcSpan {srcSpanFilename = "tests/examples/IfThenElseLayout.hs", srcSpanStartLine = 8, srcSpanStartColumn = 29, srcSpanEndLine = 8, srcSpanEndColumn = 35}, srcInfoPoints = []}) (Ident (SrcSpanInfo {srcInfoSpan = SrcSpan {srcSpanFilename = "tests/examples/IfThenElseLayout.hs", srcSpanStartLine = 8, srcSpanStartColumn = 29, srcSpanEndLine = 8, srcSpanEndColumn = 35}, srcInfoPoints = []}) "length"))) (Paren (SrcSpanInfo {srcInfoSpan = SrcSpan {srcSpanFilename = "tests/examples/IfThenElseLayout.hs", srcSpanStartLine = 8, srcSpanStartColumn = 36, srcSpanEndLine = 8, srcSpanEndColumn = 56}, srcInfoPoints = [SrcSpan {srcSpanFilename = "tests/examples/IfThenElseLayout.hs", srcSpanStartLine = 8, srcSpanStartColumn = 36, srcSpanEndLine = 8, srcSpanEndColumn = 37},SrcSpan {srcSpanFilename = "tests/examples/IfThenElseLayout.hs", srcSpanStartLine = 8, srcSpanStartColumn = 55, srcSpanEndLine = 8, srcSpanEndColumn = 56}]}) (App (SrcSpanInfo {srcInfoSpan = SrcSpan {srcSpanFilename = "tests/examples/IfThenElseLayout.hs", srcSpanStartLine = 8, srcSpanStartColumn = 37, srcSpanEndLine = 8, srcSpanEndColumn = 55}, srcInfoPoints = []}) (Var (SrcSpanInfo {srcInfoSpan = SrcSpan {srcSpanFilename = "tests/examples/IfThenElseLayout.hs", srcSpanStartLine = 8, srcSpanStartColumn = 37, srcSpanEndLine = 8, srcSpanEndColumn = 46}, srcInfoPoints = []}) (UnQual (SrcSpanInfo {srcInfoSpan = SrcSpan {srcSpanFilename = "tests/examples/IfThenElseLayout.hs", srcSpanStartLine = 8, srcSpanStartColumn = 37, srcSpanEndLine = 8, srcSpanEndColumn = 46}, srcInfoPoints = []}) (Ident (SrcSpanInfo {srcInfoSpan = SrcSpan {srcSpanFilename = "tests/examples/IfThenElseLayout.hs", srcSpanStartLine = 8, srcSpanStartColumn = 37, srcSpanEndLine = 8, srcSpanEndColumn = 46}, srcInfoPoints = []}) "readCards"))) (Var (SrcSpanInfo {srcInfoSpan = SrcSpan {srcSpanFilename = "tests/examples/IfThenElseLayout.hs", srcSpanStartLine = 8, srcSpanStartColumn = 47, srcSpanEndLine = 8, srcSpanEndColumn = 55}, srcInfoPoints = []}) (UnQual (SrcSpanInfo {srcInfoSpan = SrcSpan {srcSpanFilename = "tests/examples/IfThenElseLayout.hs", srcSpanStartLine = 8, srcSpanStartColumn = 47, srcSpanEndLine = 8, srcSpanEndColumn = 55}, srcInfoPoints = []}) (Ident (SrcSpanInfo {srcInfoSpan = SrcSpan {srcSpanFilename = "tests/examples/IfThenElseLayout.hs", srcSpanStartLine = 8, srcSpanStartColumn = 47, srcSpanEndLine = 8, srcSpanEndColumn = 55}, srcInfoPoints = []}) "response")))))) (QVarOp (SrcSpanInfo {srcInfoSpan = SrcSpan {srcSpanFilename = "tests/examples/IfThenElseLayout.hs", srcSpanStartLine = 8, srcSpanStartColumn = 57, srcSpanEndLine = 8, srcSpanEndColumn = 58}, srcInfoPoints = []}) (UnQual (SrcSpanInfo {srcInfoSpan = SrcSpan {srcSpanFilename = "tests/examples/IfThenElseLayout.hs", srcSpanStartLine = 8, srcSpanStartColumn = 57, srcSpanEndLine = 8, srcSpanEndColumn = 58}, srcInfoPoints = []}) (Symbol (SrcSpanInfo {srcInfoSpan = SrcSpan {srcSpanFilename = "tests/examples/IfThenElseLayout.hs", srcSpanStartLine = 8, srcSpanStartColumn = 57, srcSpanEndLine = 8, srcSpanEndColumn = 58}, srcInfoPoints = []}) ">"))) (Lit (SrcSpanInfo {srcInfoSpan = SrcSpan {srcSpanFilename = "tests/examples/IfThenElseLayout.hs", srcSpanStartLine = 8, srcSpanStartColumn = 59, srcSpanEndLine = 8, srcSpanEndColumn = 60}, srcInfoPoints = []}) (Int (SrcSpanInfo {srcInfoSpan = SrcSpan {srcSpanFilename = "tests/examples/IfThenElseLayout.hs", srcSpanStartLine = 8, srcSpanStartColumn = 59, srcSpanEndLine = 8, srcSpanEndColumn = 60}, srcInfoPoints = []}) 3 "3"))) (QVarOp (SrcSpanInfo {srcInfoSpan = SrcSpan {srcSpanFilename = "tests/examples/IfThenElseLayout.hs", srcSpanStartLine = 8, srcSpanStartColumn = 61, srcSpanEndLine = 8, srcSpanEndColumn = 63}, srcInfoPoints = []}) (UnQual (SrcSpanInfo {srcInfoSpan = SrcSpan {srcSpanFilename = "tests/examples/IfThenElseLayout.hs", srcSpanStartLine = 8, srcSpanStartColumn = 61, srcSpanEndLine = 8, srcSpanEndColumn = 63}, srcInfoPoints = []}) (Symbol (SrcSpanInfo {srcInfoSpan = SrcSpan {srcSpanFilename = "tests/examples/IfThenElseLayout.hs", srcSpanStartLine = 8, srcSpanStartColumn = 61, srcSpanEndLine = 8, srcSpanEndColumn = 63}, srcInfoPoints = []}) "||"))) (App (SrcSpanInfo {srcInfoSpan = SrcSpan {srcSpanFilename = "tests/examples/IfThenElseLayout.hs", srcSpanStartLine = 8, srcSpanStartColumn = 64, srcSpanEndLine = 8, srcSpanEndColumn = 89}, srcInfoPoints = []}) (Var (SrcSpanInfo {srcInfoSpan = SrcSpan {srcSpanFilename = "tests/examples/IfThenElseLayout.hs", srcSpanStartLine = 8, srcSpanStartColumn = 64, srcSpanEndLine = 8, srcSpanEndColumn = 67}, srcInfoPoints = []}) (UnQual (SrcSpanInfo {srcInfoSpan = SrcSpan {srcSpanFilename = "tests/examples/IfThenElseLayout.hs", srcSpanStartLine = 8, srcSpanStartColumn = 64, srcSpanEndLine = 8, srcSpanEndColumn = 67}, srcInfoPoints = []}) (Ident (SrcSpanInfo {srcInfoSpan = SrcSpan {srcSpanFilename = "tests/examples/IfThenElseLayout.hs", srcSpanStartLine = 8, srcSpanStartColumn = 64, srcSpanEndLine = 8, srcSpanEndColumn = 67}, srcInfoPoints = []}) "not"))) (Paren (SrcSpanInfo {srcInfoSpan = SrcSpan {srcSpanFilename = "tests/examples/IfThenElseLayout.hs", srcSpanStartLine = 8, srcSpanStartColumn = 68, srcSpanEndLine = 8, srcSpanEndColumn = 89}, srcInfoPoints = [SrcSpan {srcSpanFilename = "tests/examples/IfThenElseLayout.hs", srcSpanStartLine = 8, srcSpanStartColumn = 68, srcSpanEndLine = 8, srcSpanEndColumn = 69},SrcSpan {srcSpanFilename = "tests/examples/IfThenElseLayout.hs", srcSpanStartLine = 8, srcSpanStartColumn = 88, srcSpanEndLine = 8, srcSpanEndColumn = 89}]}) (App (SrcSpanInfo {srcInfoSpan = SrcSpan {srcSpanFilename = "tests/examples/IfThenElseLayout.hs", srcSpanStartLine = 8, srcSpanStartColumn = 69, srcSpanEndLine = 8, srcSpanEndColumn = 88}, srcInfoPoints = []}) (App (SrcSpanInfo {srcInfoSpan = SrcSpan {srcSpanFilename = "tests/examples/IfThenElseLayout.hs", srcSpanStartLine = 8, srcSpanStartColumn = 69, srcSpanEndLine = 8, srcSpanEndColumn = 86}, srcInfoPoints = []}) (Var (SrcSpanInfo {srcInfoSpan = SrcSpan {srcSpanFilename = "tests/examples/IfThenElseLayout.hs", srcSpanStartLine = 8, srcSpanStartColumn = 69, srcSpanEndLine = 8, srcSpanEndColumn = 72}, srcInfoPoints = []}) (UnQual (SrcSpanInfo {srcInfoSpan = SrcSpan {srcSpanFilename = "tests/examples/IfThenElseLayout.hs", srcSpanStartLine = 8, srcSpanStartColumn = 69, srcSpanEndLine = 8, srcSpanEndColumn = 72}, srcInfoPoints = []}) (Ident (SrcSpanInfo {srcInfoSpan = SrcSpan {srcSpanFilename = "tests/examples/IfThenElseLayout.hs", srcSpanStartLine = 8, srcSpanStartColumn = 69, srcSpanEndLine = 8, srcSpanEndColumn = 72}, srcInfoPoints = []}) "all"))) (Paren (SrcSpanInfo {srcInfoSpan = SrcSpan {srcSpanFilename = "tests/examples/IfThenElseLayout.hs", srcSpanStartLine = 8, srcSpanStartColumn = 73, srcSpanEndLine = 8, srcSpanEndColumn = 86}, srcInfoPoints = [SrcSpan {srcSpanFilename = "tests/examples/IfThenElseLayout.hs", srcSpanStartLine = 8, srcSpanStartColumn = 73, srcSpanEndLine = 8, srcSpanEndColumn = 74},SrcSpan {srcSpanFilename = "tests/examples/IfThenElseLayout.hs", srcSpanStartLine = 8, srcSpanStartColumn = 85, srcSpanEndLine = 8, srcSpanEndColumn = 86}]}) (App (SrcSpanInfo {srcInfoSpan = SrcSpan {srcSpanFilename = "tests/examples/IfThenElseLayout.hs", srcSpanStartLine = 8, srcSpanStartColumn = 74, srcSpanEndLine = 8, srcSpanEndColumn = 85}, srcInfoPoints = []}) (App (SrcSpanInfo {srcInfoSpan = SrcSpan {srcSpanFilename = "tests/examples/IfThenElseLayout.hs", srcSpanStartLine = 8, srcSpanStartColumn = 74, srcSpanEndLine = 8, srcSpanEndColumn = 83}, srcInfoPoints = []}) (Var (SrcSpanInfo {srcInfoSpan = SrcSpan {srcSpanFilename = "tests/examples/IfThenElseLayout.hs", srcSpanStartLine = 8, srcSpanStartColumn = 74, srcSpanEndLine = 8, srcSpanEndColumn = 78}, srcInfoPoints = []}) (UnQual (SrcSpanInfo {srcInfoSpan = SrcSpan {srcSpanFilename = "tests/examples/IfThenElseLayout.hs", srcSpanStartLine = 8, srcSpanStartColumn = 74, srcSpanEndLine = 8, srcSpanEndColumn = 78}, srcInfoPoints = []}) (Ident (SrcSpanInfo {srcInfoSpan = SrcSpan {srcSpanFilename = "tests/examples/IfThenElseLayout.hs", srcSpanStartLine = 8, srcSpanStartColumn = 74, srcSpanEndLine = 8, srcSpanEndColumn = 78}, srcInfoPoints = []}) "flip"))) (Var (SrcSpanInfo {srcInfoSpan = SrcSpan {srcSpanFilename = "tests/examples/IfThenElseLayout.hs", srcSpanStartLine = 8, srcSpanStartColumn = 79, srcSpanEndLine = 8, srcSpanEndColumn = 83}, srcInfoPoints = []}) (UnQual (SrcSpanInfo {srcInfoSpan = SrcSpan {srcSpanFilename = "tests/examples/IfThenElseLayout.hs", srcSpanStartLine = 8, srcSpanStartColumn = 79, srcSpanEndLine = 8, srcSpanEndColumn = 83}, srcInfoPoints = []}) (Ident (SrcSpanInfo {srcInfoSpan = SrcSpan {srcSpanFilename = "tests/examples/IfThenElseLayout.hs", srcSpanStartLine = 8, srcSpanStartColumn = 79, srcSpanEndLine = 8, srcSpanEndColumn = 83}, srcInfoPoints = []}) "elem")))) (Var (SrcSpanInfo {srcInfoSpan = SrcSpan {srcSpanFilename = "tests/examples/IfThenElseLayout.hs", srcSpanStartLine = 8, srcSpanStartColumn = 84, srcSpanEndLine = 8, srcSpanEndColumn = 85}, srcInfoPoints = []}) (UnQual (SrcSpanInfo {srcInfoSpan = SrcSpan {srcSpanFilename = "tests/examples/IfThenElseLayout.hs", srcSpanStartLine = 8, srcSpanStartColumn = 84, srcSpanEndLine = 8, srcSpanEndColumn = 85}, srcInfoPoints = []}) (Ident (SrcSpanInfo {srcInfoSpan = SrcSpan {srcSpanFilename = "tests/examples/IfThenElseLayout.hs", srcSpanStartLine = 8, srcSpanStartColumn = 84, srcSpanEndLine = 8, srcSpanEndColumn = 85}, srcInfoPoints = []}) "h")))))) (Var (SrcSpanInfo {srcInfoSpan = SrcSpan {srcSpanFilename = "tests/examples/IfThenElseLayout.hs", srcSpanStartLine = 8, srcSpanStartColumn = 87, srcSpanEndLine = 8, srcSpanEndColumn = 88}, srcInfoPoints = []}) (UnQual (SrcSpanInfo {srcInfoSpan = SrcSpan {srcSpanFilename = "tests/examples/IfThenElseLayout.hs", srcSpanStartLine = 8, srcSpanStartColumn = 87, srcSpanEndLine = 8, srcSpanEndColumn = 88}, srcInfoPoints = []}) (Ident (SrcSpanInfo {srcInfoSpan = SrcSpan {srcSpanFilename = "tests/examples/IfThenElseLayout.hs", srcSpanStartLine = 8, srcSpanStartColumn = 87, srcSpanEndLine = 8, srcSpanEndColumn = 88}, srcInfoPoints = []}) "h"))))))) (App (SrcSpanInfo {srcInfoSpan = SrcSpan {srcSpanFilename = "tests/examples/IfThenElseLayout.hs", srcSpanStartLine = 9, srcSpanStartColumn = 34, srcSpanEndLine = 9, srcSpanEndColumn = 55}, srcInfoPoints = []}) (Var (SrcSpanInfo {srcInfoSpan = SrcSpan {srcSpanFilename = "tests/examples/IfThenElseLayout.hs", srcSpanStartLine = 9, srcSpanStartColumn = 34, srcSpanEndLine = 9, srcSpanEndColumn = 53}, srcInfoPoints = []}) (UnQual (SrcSpanInfo {srcInfoSpan = SrcSpan {srcSpanFilename = "tests/examples/IfThenElseLayout.hs", srcSpanStartLine = 9, srcSpanStartColumn = 34, srcSpanEndLine = 9, srcSpanEndColumn = 53}, srcInfoPoints = []}) (Ident (SrcSpanInfo {srcInfoSpan = SrcSpan {srcSpanFilename = "tests/examples/IfThenElseLayout.hs", srcSpanStartLine = 9, srcSpanStartColumn = 34, srcSpanEndLine = 9, srcSpanEndColumn = 53}, srcInfoPoints = []}) "askCardsForExchange"))) (Var (SrcSpanInfo {srcInfoSpan = SrcSpan {srcSpanFilename = "tests/examples/IfThenElseLayout.hs", srcSpanStartLine = 9, srcSpanStartColumn = 54, srcSpanEndLine = 9, srcSpanEndColumn = 55}, srcInfoPoints = []}) (UnQual (SrcSpanInfo {srcInfoSpan = SrcSpan {srcSpanFilename = "tests/examples/IfThenElseLayout.hs", srcSpanStartLine = 9, srcSpanStartColumn = 54, srcSpanEndLine = 9, srcSpanEndColumn = 55}, srcInfoPoints = []}) (Ident (SrcSpanInfo {srcInfoSpan = SrcSpan {srcSpanFilename = "tests/examples/IfThenElseLayout.hs", srcSpanStartLine = 9, srcSpanStartColumn = 54, srcSpanEndLine = 9, srcSpanEndColumn = 55}, srcInfoPoints = []}) "h")))) (App (SrcSpanInfo {srcInfoSpan = SrcSpan {srcSpanFilename = "tests/examples/IfThenElseLayout.hs", srcSpanStartLine = 11, srcSpanStartColumn = 34, srcSpanEndLine = 11, srcSpanEndColumn = 61}, srcInfoPoints = []}) (Var (SrcSpanInfo {srcInfoSpan = SrcSpan {srcSpanFilename = "tests/examples/IfThenElseLayout.hs", srcSpanStartLine = 11, srcSpanStartColumn = 34, srcSpanEndLine = 11, srcSpanEndColumn = 40}, srcInfoPoints = []}) (UnQual (SrcSpanInfo {srcInfoSpan = SrcSpan {srcSpanFilename = "tests/examples/IfThenElseLayout.hs", srcSpanStartLine = 11, srcSpanStartColumn = 34, srcSpanEndLine = 11, srcSpanEndColumn = 40}, srcInfoPoints = []}) (Ident (SrcSpanInfo {srcInfoSpan = SrcSpan {srcSpanFilename = "tests/examples/IfThenElseLayout.hs", srcSpanStartLine = 11, srcSpanStartColumn = 34, srcSpanEndLine = 11, srcSpanEndColumn = 40}, srcInfoPoints = []}) "return"))) (Paren (SrcSpanInfo {srcInfoSpan = SrcSpan {srcSpanFilename = "tests/examples/IfThenElseLayout.hs", srcSpanStartLine = 11, srcSpanStartColumn = 41, srcSpanEndLine = 11, srcSpanEndColumn = 61}, srcInfoPoints = [SrcSpan {srcSpanFilename = "tests/examples/IfThenElseLayout.hs", srcSpanStartLine = 11, srcSpanStartColumn = 41, srcSpanEndLine = 11, srcSpanEndColumn = 42},SrcSpan {srcSpanFilename = "tests/examples/IfThenElseLayout.hs", srcSpanStartLine = 11, srcSpanStartColumn = 60, srcSpanEndLine = 11, srcSpanEndColumn = 61}]}) (App (SrcSpanInfo {srcInfoSpan = SrcSpan {srcSpanFilename = "tests/examples/IfThenElseLayout.hs", srcSpanStartLine = 11, srcSpanStartColumn = 42, srcSpanEndLine = 11, srcSpanEndColumn = 60}, srcInfoPoints = []}) (Var (SrcSpanInfo {srcInfoSpan = SrcSpan {srcSpanFilename = "tests/examples/IfThenElseLayout.hs", srcSpanStartLine = 11, srcSpanStartColumn = 42, srcSpanEndLine = 11, srcSpanEndColumn = 51}, srcInfoPoints = []}) (UnQual (SrcSpanInfo {srcInfoSpan = SrcSpan {srcSpanFilename = "tests/examples/IfThenElseLayout.hs", srcSpanStartLine = 11, srcSpanStartColumn = 42, srcSpanEndLine = 11, srcSpanEndColumn = 51}, srcInfoPoints = []}) (Ident (SrcSpanInfo {srcInfoSpan = SrcSpan {srcSpanFilename = "tests/examples/IfThenElseLayout.hs", srcSpanStartLine = 11, srcSpanStartColumn = 42, srcSpanEndLine = 11, srcSpanEndColumn = 51}, srcInfoPoints = []}) "readCards"))) (Var (SrcSpanInfo {srcInfoSpan = SrcSpan {srcSpanFilename = "tests/examples/IfThenElseLayout.hs", srcSpanStartLine = 11, srcSpanStartColumn = 52, srcSpanEndLine = 11, srcSpanEndColumn = 60}, srcInfoPoints = []}) (UnQual (SrcSpanInfo {srcInfoSpan = SrcSpan {srcSpanFilename = "tests/examples/IfThenElseLayout.hs", srcSpanStartLine = 11, srcSpanStartColumn = 52, srcSpanEndLine = 11, srcSpanEndColumn = 60}, srcInfoPoints = []}) (Ident (SrcSpanInfo {srcInfoSpan = SrcSpan {srcSpanFilename = "tests/examples/IfThenElseLayout.hs", srcSpanStartLine = 11, srcSpanStartColumn = 52, srcSpanEndLine = 11, srcSpanEndColumn = 60}, srcInfoPoints = []}) "response")))))))])) Nothing]],[])
