ParseFailed (SrcLoc {srcFilename = "tests/examples/IndentedWhereBlock.hs", srcLine = 8, srcColumn = 1}) "Parse error: virtual }"
