ParseOk (Module (SrcSpanInfo {srcInfoSpan = SrcSpan {srcSpanFilename = "tests/examples/InfixParser.hs", srcSpanStartLine = 1, srcSpanStartColumn = 1, srcSpanEndLine = 7, srcSpanEndColumn = 1}, srcInfoPoints = [SrcSpan {srcSpanFilename = "tests/examples/InfixParser.hs", srcSpanStartLine = 1, srcSpanStartColumn = 1, srcSpanEndLine = 1, srcSpanEndColumn = 1},SrcSpan {srcSpanFilename = "tests/examples/InfixParser.hs", srcSpanStartLine = 1, srcSpanStartColumn = 1, srcSpanEndLine = 1, srcSpanEndColumn = 1},SrcSpan {srcSpanFilename = "tests/examples/InfixParser.hs", srcSpanStartLine = 3, srcSpanStartColumn = 1, srcSpanEndLine = 3, srcSpanEndColumn = 1},SrcSpan {srcSpanFilename = "tests/examples/InfixParser.hs", srcSpanStartLine = 5, srcSpanStartColumn = 1, srcSpanEndLine = 5, srcSpanEndColumn = 1},SrcSpan {srcSpanFilename = "tests/examples/InfixParser.hs", srcSpanStartLine = 6, srcSpanStartColumn = 1, srcSpanEndLine = 6, srcSpanEndColumn = 1},SrcSpan {srcSpanFilename = "tests/examples/InfixParser.hs", srcSpanStartLine = 7, srcSpanStartColumn = 1, srcSpanEndLine = 7, srcSpanEndColumn = 1},SrcSpan {srcSpanFilename = "tests/examples/InfixParser.hs", srcSpanStartLine = 7, srcSpanStartColumn = 1, srcSpanEndLine = 7, srcSpanEndColumn = 1}]}) (Just (ModuleHead (SrcSpanInfo {srcInfoSpan = SrcSpan {srcSpanFilename = "tests/examples/InfixParser.hs", srcSpanStartLine = 1, srcSpanStartColumn = 1, srcSpanEndLine = 1, srcSpanEndColumn = 25}, srcInfoPoints = [SrcSpan {srcSpanFilename = "tests/examples/InfixParser.hs", srcSpanStartLine = 1, srcSpanStartColumn = 1, srcSpanEndLine = 1, srcSpanEndColumn = 7},SrcSpan {srcSpanFilename = "tests/examples/InfixParser.hs", srcSpanStartLine = 1, srcSpanStartColumn = 20, srcSpanEndLine = 1, srcSpanEndColumn = 25}]}) (ModuleName (SrcSpanInfo {srcInfoSpan = SrcSpan {srcSpanFilename = "tests/examples/InfixParser.hs", srcSpanStartLine = 1, srcSpanStartColumn = 8, srcSpanEndLine = 1, srcSpanEndColumn = 19}, srcInfoPoints = []}) "InfixParser") Nothing Nothing)) [] [] [TypeDecl (SrcSpanInfo {srcInfoSpan = SrcSpan {srcSpanFilename = "tests/examples/InfixParser.hs", srcSpanStartLine = 3, srcSpanStartColumn = 1, srcSpanEndLine = 3, srcSpanEndColumn = 35}, srcInfoPoints = [SrcSpan {srcSpanFilename = "tests/examples/InfixParser.hs", srcSpanStartLine = 3, srcSpanStartColumn = 1, srcSpanEndLine = 3, srcSpanEndColumn = 5},SrcSpan {srcSpanFilename = "tests/examples/InfixParser.hs", srcSpanStartLine = 3, srcSpanStartColumn = 16, srcSpanEndLine = 3, srcSpanEndColumn = 17}]}) (DHead (SrcSpanInfo {srcInfoSpan = SrcSpan {srcSpanFilename = "tests/examples/InfixParser.hs", srcSpanStartLine = 3, srcSpanStartColumn = 6, srcSpanEndLine = 3, srcSpanEndColumn = 11}, srcInfoPoints = []}) (Ident (SrcSpanInfo {srcInfoSpan = SrcSpan {srcSpanFilename = "tests/examples/InfixParser.hs", srcSpanStartLine = 3, srcSpanStartColumn = 6, srcSpanEndLine = 3, srcSpanEndColumn = 11}, srcInfoPoints = []}) "Parse") [UnkindedVar (SrcSpanInfo {srcInfoSpan = SrcSpan {srcSpanFilename = "tests/examples/InfixParser.hs", srcSpanStartLine = 3, srcSpanStartColumn = 12, srcSpanEndLine = 3, srcSpanEndColumn = 13}, srcInfoPoints = []}) (Ident (SrcSpanInfo {srcInfoSpan = SrcSpan {srcSpanFilename = "tests/examples/InfixParser.hs", srcSpanStartLine = 3, srcSpanStartColumn = 12, srcSpanEndLine = 3, srcSpanEndColumn = 13}, srcInfoPoints = []}) "a"),UnkindedVar (SrcSpanInfo {srcInfoSpan = SrcSpan {srcSpanFilename = "tests/examples/InfixParser.hs", srcSpanStartLine = 3, srcSpanStartColumn = 14, srcSpanEndLine = 3, srcSpanEndColumn = 15}, srcInfoPoints = []}) (Ident (SrcSpanInfo {srcInfoSpan = SrcSpan {srcSpanFilename = "tests/examples/InfixParser.hs", srcSpanStartLine = 3, srcSpanStartColumn = 14, srcSpanEndLine = 3, srcSpanEndColumn = 15}, srcInfoPoints = []}) "b")]) (TyFun (SrcSpanInfo {srcInfoSpan = SrcSpan {srcSpanFilename = "tests/examples/InfixParser.hs", srcSpanStartLine = 3, srcSpanStartColumn = 18, srcSpanEndLine = 3, srcSpanEndColumn = 35}, srcInfoPoints = [SrcSpan {srcSpanFilename = "tests/examples/InfixParser.hs", srcSpanStartLine = 3, srcSpanStartColumn = 22, srcSpanEndLine = 3, srcSpanEndColumn = 24}]}) (TyList (SrcSpanInfo {srcInfoSpan = SrcSpan {srcSpanFilename = "tests/examples/InfixParser.hs", srcSpanStartLine = 3, srcSpanStartColumn = 18, srcSpanEndLine = 3, srcSpanEndColumn = 21}, srcInfoPoints = [SrcSpan {srcSpanFilename = "tests/examples/InfixParser.hs", srcSpanStartLine = 3, srcSpanStartColumn = 18, srcSpanEndLine = 3, srcSpanEndColumn = 19},SrcSpan {srcSpanFilename = "tests/examples/InfixParser.hs", srcSpanStartLine = 3, srcSpanStartColumn = 20, srcSpanEndLine = 3, srcSpanEndColumn = 21}]}) (TyVar (SrcSpanInfo {srcInfoSpan = SrcSpan {srcSpanFilename = "tests/examples/InfixParser.hs", srcSpanStartLine = 3, srcSpanStartColumn = 19, srcSpanEndLine = 3, srcSpanEndColumn = 20}, srcInfoPoints = []}) (Ident (SrcSpanInfo {srcInfoSpan = SrcSpan {srcSpanFilename = "tests/examples/InfixParser.hs", srcSpanStartLine = 3, srcSpanStartColumn = 19, srcSpanEndLine = 3, srcSpanEndColumn = 20}, srcInfoPoints = []}) "a"))) (TyList (SrcSpanInfo {srcInfoSpan = SrcSpan {srcSpanFilename = "tests/examples/InfixParser.hs", srcSpanStartLine = 3, srcSpanStartColumn = 25, srcSpanEndLine = 3, srcSpanEndColumn = 35}, srcInfoPoints = [SrcSpan {srcSpanFilename = "tests/examples/InfixParser.hs", srcSpanStartLine = 3, srcSpanStartColumn = 25, srcSpanEndLine = 3, srcSpanEndColumn = 26},SrcSpan {srcSpanFilename = "tests/examples/InfixParser.hs", srcSpanStartLine = 3, srcSpanStartColumn = 34, srcSpanEndLine = 3, srcSpanEndColumn = 35}]}) (TyTuple (SrcSpanInfo {srcInfoSpan = SrcSpan {srcSpanFilename = "tests/examples/InfixParser.hs", srcSpanStartLine = 3, srcSpanStartColumn = 26, srcSpanEndLine = 3, srcSpanEndColumn = 34}, srcInfoPoints = [SrcSpan {srcSpanFilename = "tests/examples/InfixParser.hs", srcSpanStartLine = 3, srcSpanStartColumn = 26, srcSpanEndLine = 3, srcSpanEndColumn = 27},SrcSpan {srcSpanFilename = "tests/examples/InfixParser.hs", srcSpanStartLine = 3, srcSpanStartColumn = 28, srcSpanEndLine = 3, srcSpanEndColumn = 29},SrcSpan {srcSpanFilename = "tests/examples/InfixParser.hs", srcSpanStartLine = 3, srcSpanStartColumn = 33, srcSpanEndLine = 3, srcSpanEndColumn = 34}]}) Boxed [TyVar (SrcSpanInfo {srcInfoSpan = SrcSpan {srcSpanFilename = "tests/examples/InfixParser.hs", srcSpanStartLine = 3, srcSpanStartColumn = 27, srcSpanEndLine = 3, srcSpanEndColumn = 28}, srcInfoPoints = []}) (Ident (SrcSpanInfo {srcInfoSpan = SrcSpan {srcSpanFilename = "tests/examples/InfixParser.hs", srcSpanStartLine = 3, srcSpanStartColumn = 27, srcSpanEndLine = 3, srcSpanEndColumn = 28}, srcInfoPoints = []}) "b"),TyList (SrcSpanInfo {srcInfoSpan = SrcSpan {srcSpanFilename = "tests/examples/InfixParser.hs", srcSpanStartLine = 3, srcSpanStartColumn = 30, srcSpanEndLine = 3, srcSpanEndColumn = 33}, srcInfoPoints = [SrcSpan {srcSpanFilename = "tests/examples/InfixParser.hs", srcSpanStartLine = 3, srcSpanStartColumn = 30, srcSpanEndLine = 3, srcSpanEndColumn = 31},SrcSpan {srcSpanFilename = "tests/examples/InfixParser.hs", srcSpanStartLine = 3, srcSpanStartColumn = 32, srcSpanEndLine = 3, srcSpanEndColumn = 33}]}) (TyVar (SrcSpanInfo {srcInfoSpan = SrcSpan {srcSpanFilename = "tests/examples/InfixParser.hs", srcSpanStartLine = 3, srcSpanStartColumn = 31, srcSpanEndLine = 3, srcSpanEndColumn = 32}, srcInfoPoints = []}) (Ident (SrcSpanInfo {srcInfoSpan = SrcSpan {srcSpanFilename = "tests/examples/InfixParser.hs", srcSpanStartLine = 3, srcSpanStartColumn = 31, srcSpanEndLine = 3, srcSpanEndColumn = 32}, srcInfoPoints = []}) "a"))]))),TypeSig (SrcSpanInfo {srcInfoSpan = SrcSpan {srcSpanFilename = "tests/examples/InfixParser.hs", srcSpanStartLine = 5, srcSpanStartColumn = 1, srcSpanEndLine = 5, srcSpanEndColumn = 45}, srcInfoPoints = [SrcSpan {srcSpanFilename = "tests/examples/InfixParser.hs", srcSpanStartLine = 5, srcSpanStartColumn = 7, srcSpanEndLine = 5, srcSpanEndColumn = 9}]}) [Symbol (SrcSpanInfo {srcInfoSpan = SrcSpan {srcSpanFilename = "tests/examples/InfixParser.hs", srcSpanStartLine = 5, srcSpanStartColumn = 1, srcSpanEndLine = 5, srcSpanEndColumn = 6}, srcInfoPoints = [SrcSpan {srcSpanFilename = "tests/examples/InfixParser.hs", srcSpanStartLine = 5, srcSpanStartColumn = 1, srcSpanEndLine = 5, srcSpanEndColumn = 2},SrcSpan {srcSpanFilename = "tests/examples/InfixParser.hs", srcSpanStartLine = 5, srcSpanStartColumn = 2, srcSpanEndLine = 5, srcSpanEndColumn = 5},SrcSpan {srcSpanFilename = "tests/examples/InfixParser.hs", srcSpanStartLine = 5, srcSpanStartColumn = 5, srcSpanEndLine = 5, srcSpanEndColumn = 6}]}) "<|>"] (TyFun (SrcSpanInfo {srcInfoSpan = SrcSpan {srcSpanFilename = "tests/examples/InfixParser.hs", srcSpanStartLine = 5, srcSpanStartColumn = 10, srcSpanEndLine = 5, srcSpanEndColumn = 45}, srcInfoPoints = [SrcSpan {srcSpanFilename = "tests/examples/InfixParser.hs", srcSpanStartLine = 5, srcSpanStartColumn = 20, srcSpanEndLine = 5, srcSpanEndColumn = 22}]}) (TyApp (SrcSpanInfo {srcInfoSpan = SrcSpan {srcSpanFilename = "tests/examples/InfixParser.hs", srcSpanStartLine = 5, srcSpanStartColumn = 10, srcSpanEndLine = 5, srcSpanEndColumn = 19}, srcInfoPoints = []}) (TyApp (SrcSpanInfo {srcInfoSpan = SrcSpan {srcSpanFilename = "tests/examples/InfixParser.hs", srcSpanStartLine = 5, srcSpanStartColumn = 10, srcSpanEndLine = 5, srcSpanEndColumn = 17}, srcInfoPoints = []}) (TyCon (SrcSpanInfo {srcInfoSpan = SrcSpan {srcSpanFilename = "tests/examples/InfixParser.hs", srcSpanStartLine = 5, srcSpanStartColumn = 10, srcSpanEndLine = 5, srcSpanEndColumn = 15}, srcInfoPoints = []}) (UnQual (SrcSpanInfo {srcInfoSpan = SrcSpan {srcSpanFilename = "tests/examples/InfixParser.hs", srcSpanStartLine = 5, srcSpanStartColumn = 10, srcSpanEndLine = 5, srcSpanEndColumn = 15}, srcInfoPoints = []}) (Ident (SrcSpanInfo {srcInfoSpan = SrcSpan {srcSpanFilename = "tests/examples/InfixParser.hs", srcSpanStartLine = 5, srcSpanStartColumn = 10, srcSpanEndLine = 5, srcSpanEndColumn = 15}, srcInfoPoints = []}) "Parse"))) (TyVar (SrcSpanInfo {srcInfoSpan = SrcSpan {srcSpanFilename = "tests/examples/InfixParser.hs", srcSpanStartLine = 5, srcSpanStartColumn = 16, srcSpanEndLine = 5, srcSpanEndColumn = 17}, srcInfoPoints = []}) (Ident (SrcSpanInfo {srcInfoSpan = SrcSpan {srcSpanFilename = "tests/examples/InfixParser.hs", srcSpanStartLine = 5, srcSpanStartColumn = 16, srcSpanEndLine = 5, srcSpanEndColumn = 17}, srcInfoPoints = []}) "a"))) (TyVar (SrcSpanInfo {srcInfoSpan = SrcSpan {srcSpanFilename = "tests/examples/InfixParser.hs", srcSpanStartLine = 5, srcSpanStartColumn = 18, srcSpanEndLine = 5, srcSpanEndColumn = 19}, srcInfoPoints = []}) (Ident (SrcSpanInfo {srcInfoSpan = SrcSpan {srcSpanFilename = "tests/examples/InfixParser.hs", srcSpanStartLine = 5, srcSpanStartColumn = 18, srcSpanEndLine = 5, srcSpanEndColumn = 19}, srcInfoPoints = []}) "b"))) (TyFun (SrcSpanInfo {srcInfoSpan = SrcSpan {srcSpanFilename = "tests/examples/InfixParser.hs", srcSpanStartLine = 5, srcSpanStartColumn = 23, srcSpanEndLine = 5, srcSpanEndColumn = 45}, srcInfoPoints = [SrcSpan {srcSpanFilename = "tests/examples/InfixParser.hs", srcSpanStartLine = 5, srcSpanStartColumn = 33, srcSpanEndLine = 5, srcSpanEndColumn = 35}]}) (TyApp (SrcSpanInfo {srcInfoSpan = SrcSpan {srcSpanFilename = "tests/examples/InfixParser.hs", srcSpanStartLine = 5, srcSpanStartColumn = 23, srcSpanEndLine = 5, srcSpanEndColumn = 32}, srcInfoPoints = []}) (TyApp (SrcSpanInfo {srcInfoSpan = SrcSpan {srcSpanFilename = "tests/examples/InfixParser.hs", srcSpanStartLine = 5, srcSpanStartColumn = 23, srcSpanEndLine = 5, srcSpanEndColumn = 30}, srcInfoPoints = []}) (TyCon (SrcSpanInfo {srcInfoSpan = SrcSpan {srcSpanFilename = "tests/examples/InfixParser.hs", srcSpanStartLine = 5, srcSpanStartColumn = 23, srcSpanEndLine = 5, srcSpanEndColumn = 28}, srcInfoPoints = []}) (UnQual (SrcSpanInfo {srcInfoSpan = SrcSpan {srcSpanFilename = "tests/examples/InfixParser.hs", srcSpanStartLine = 5, srcSpanStartColumn = 23, srcSpanEndLine = 5, srcSpanEndColumn = 28}, srcInfoPoints = []}) (Ident (SrcSpanInfo {srcInfoSpan = SrcSpan {srcSpanFilename = "tests/examples/InfixParser.hs", srcSpanStartLine = 5, srcSpanStartColumn = 23, srcSpanEndLine = 5, srcSpanEndColumn = 28}, srcInfoPoints = []}) "Parse"))) (TyVar (SrcSpanInfo {srcInfoSpan = SrcSpan {srcSpanFilename = "tests/examples/InfixParser.hs", srcSpanStartLine = 5, srcSpanStartColumn = 29, srcSpanEndLine = 5, srcSpanEndColumn = 30}, srcInfoPoints = []}) (Ident (SrcSpanInfo {srcInfoSpan = SrcSpan {srcSpanFilename = "tests/examples/InfixParser.hs", srcSpanStartLine = 5, srcSpanStartColumn = 29, srcSpanEndLine = 5, srcSpanEndColumn = 30}, srcInfoPoints = []}) "a"))) (TyVar (SrcSpanInfo {srcInfoSpan = SrcSpan {srcSpanFilename = "tests/examples/InfixParser.hs", srcSpanStartLine = 5, srcSpanStartColumn = 31, srcSpanEndLine = 5, srcSpanEndColumn = 32}, srcInfoPoints = []}) (Ident (SrcSpanInfo {srcInfoSpan = SrcSpan {srcSpanFilename = "tests/examples/InfixParser.hs", srcSpanStartLine = 5, srcSpanStartColumn = 31, srcSpanEndLine = 5, srcSpanEndColumn = 32}, srcInfoPoints = []}) "b"))) (TyApp (SrcSpanInfo {srcInfoSpan = SrcSpan {srcSpanFilename = "tests/examples/InfixParser.hs", srcSpanStartLine = 5, srcSpanStartColumn = 36, srcSpanEndLine = 5, srcSpanEndColumn = 45}, srcInfoPoints = []}) (TyApp (SrcSpanInfo {srcInfoSpan = SrcSpan {srcSpanFilename = "tests/examples/InfixParser.hs", srcSpanStartLine = 5, srcSpanStartColumn = 36, srcSpanEndLine = 5, srcSpanEndColumn = 43}, srcInfoPoints = []}) (TyCon (SrcSpanInfo {srcInfoSpan = SrcSpan {srcSpanFilename = "tests/examples/InfixParser.hs", srcSpanStartLine = 5, srcSpanStartColumn = 36, srcSpanEndLine = 5, srcSpanEndColumn = 41}, srcInfoPoints = []}) (UnQual (SrcSpanInfo {srcInfoSpan = SrcSpan {srcSpanFilename = "tests/examples/InfixParser.hs", srcSpanStartLine = 5, srcSpanStartColumn = 36, srcSpanEndLine = 5, srcSpanEndColumn = 41}, srcInfoPoints = []}) (Ident (SrcSpanInfo {srcInfoSpan = SrcSpan {srcSpanFilename = "tests/examples/InfixParser.hs", srcSpanStartLine = 5, srcSpanStartColumn = 36, srcSpanEndLine = 5, srcSpanEndColumn = 41}, srcInfoPoints = []}) "Parse"))) (TyVar (SrcSpanInfo {srcInfoSpan = SrcSpan {srcSpanFilename = "tests/examples/InfixParser.hs", srcSpanStartLine = 5, srcSpanStartColumn = 42, srcSpanEndLine = 5, srcSpanEndColumn = 43}, srcInfoPoints = []}) (Ident (SrcSpanInfo {srcInfoSpan = SrcSpan {srcSpanFilename = "tests/examples/InfixParser.hs", srcSpanStartLine = 5, srcSpanStartColumn = 42, srcSpanEndLine = 5, srcSpanEndColumn = 43}, srcInfoPoints = []}) "a"))) (TyVar (SrcSpanInfo {srcInfoSpan = SrcSpan {srcSpanFilename = "tests/examples/InfixParser.hs", srcSpanStartLine = 5, srcSpanStartColumn = 44, srcSpanEndLine = 5, srcSpanEndColumn = 45}, srcInfoPoints = []}) (Ident (SrcSpanInfo {srcInfoSpan = SrcSpan {srcSpanFilename = "tests/examples/InfixParser.hs", srcSpanStartLine = 5, srcSpanStartColumn = 44, srcSpanEndLine = 5, srcSpanEndColumn = 45}, srcInfoPoints = []}) "b"))))),FunBind (SrcSpanInfo {srcInfoSpan = SrcSpan {srcSpanFilename = "tests/examples/InfixParser.hs", srcSpanStartLine = 6, srcSpanStartColumn = 1, srcSpanEndLine = 6, srcSpanEndColumn = 29}, srcInfoPoints = []}) [InfixMatch (SrcSpanInfo {srcInfoSpan = SrcSpan {srcSpanFilename = "tests/examples/InfixParser.hs", srcSpanStartLine = 6, srcSpanStartColumn = 1, srcSpanEndLine = 6, srcSpanEndColumn = 29}, srcInfoPoints = [SrcSpan {srcSpanFilename = "tests/examples/InfixParser.hs", srcSpanStartLine = 6, srcSpanStartColumn = 1, srcSpanEndLine = 6, srcSpanEndColumn = 2},SrcSpan {srcSpanFilename = "tests/examples/InfixParser.hs", srcSpanStartLine = 6, srcSpanStartColumn = 11, srcSpanEndLine = 6, srcSpanEndColumn = 12}]}) (PVar (SrcSpanInfo {srcInfoSpan = SrcSpan {srcSpanFilename = "tests/examples/InfixParser.hs", srcSpanStartLine = 6, srcSpanStartColumn = 2, srcSpanEndLine = 6, srcSpanEndColumn = 4}, srcInfoPoints = []}) (Ident (SrcSpanInfo {srcInfoSpan = SrcSpan {srcSpanFilename = "tests/examples/InfixParser.hs", srcSpanStartLine = 6, srcSpanStartColumn = 2, srcSpanEndLine = 6, srcSpanEndColumn = 4}, srcInfoPoints = []}) "p1")) (Symbol (SrcSpanInfo {srcInfoSpan = SrcSpan {srcSpanFilename = "tests/examples/InfixParser.hs", srcSpanStartLine = 6, srcSpanStartColumn = 5, srcSpanEndLine = 6, srcSpanEndColumn = 8}, srcInfoPoints = []}) "<|>") [PVar (SrcSpanInfo {srcInfoSpan = SrcSpan {srcSpanFilename = "tests/examples/InfixParser.hs", srcSpanStartLine = 6, srcSpanStartColumn = 9, srcSpanEndLine = 6, srcSpanEndColumn = 11}, srcInfoPoints = []}) (Ident (SrcSpanInfo {srcInfoSpan = SrcSpan {srcSpanFilename = "tests/examples/InfixParser.hs", srcSpanStartLine = 6, srcSpanStartColumn = 9, srcSpanEndLine = 6, srcSpanEndColumn = 11}, srcInfoPoints = []}) "p2"),PVar (SrcSpanInfo {srcInfoSpan = SrcSpan {srcSpanFilename = "tests/examples/InfixParser.hs", srcSpanStartLine = 6, srcSpanStartColumn = 13, srcSpanEndLine = 6, srcSpanEndColumn = 14}, srcInfoPoints = []}) (Ident (SrcSpanInfo {srcInfoSpan = SrcSpan {srcSpanFilename = "tests/examples/InfixParser.hs", srcSpanStartLine = 6, srcSpanStartColumn = 13, srcSpanEndLine = 6, srcSpanEndColumn = 14}, srcInfoPoints = []}) "i")] (UnGuardedRhs (SrcSpanInfo {srcInfoSpan = SrcSpan {srcSpanFilename = "tests/examples/InfixParser.hs", srcSpanStartLine = 6, srcSpanStartColumn = 15, srcSpanEndLine = 6, srcSpanEndColumn = 29}, srcInfoPoints = [SrcSpan {srcSpanFilename = "tests/examples/InfixParser.hs", srcSpanStartLine = 6, srcSpanStartColumn = 15, srcSpanEndLine = 6, srcSpanEndColumn = 16}]}) (InfixApp (SrcSpanInfo {srcInfoSpan = SrcSpan {srcSpanFilename = "tests/examples/InfixParser.hs", srcSpanStartLine = 6, srcSpanStartColumn = 17, srcSpanEndLine = 6, srcSpanEndColumn = 29}, srcInfoPoints = []}) (App (SrcSpanInfo {srcInfoSpan = SrcSpan {srcSpanFilename = "tests/examples/InfixParser.hs", srcSpanStartLine = 6, srcSpanStartColumn = 17, srcSpanEndLine = 6, srcSpanEndColumn = 21}, srcInfoPoints = []}) (Var (SrcSpanInfo {srcInfoSpan = SrcSpan {srcSpanFilename = "tests/examples/InfixParser.hs", srcSpanStartLine = 6, srcSpanStartColumn = 17, srcSpanEndLine = 6, srcSpanEndColumn = 19}, srcInfoPoints = []}) (UnQual (SrcSpanInfo {srcInfoSpan = SrcSpan {srcSpanFilename = "tests/examples/InfixParser.hs", srcSpanStartLine = 6, srcSpanStartColumn = 17, srcSpanEndLine = 6, srcSpanEndColumn = 19}, srcInfoPoints = []}) (Ident (SrcSpanInfo {srcInfoSpan = SrcSpan {srcSpanFilename = "tests/examples/InfixParser.hs", srcSpanStartLine = 6, srcSpanStartColumn = 17, srcSpanEndLine = 6, srcSpanEndColumn = 19}, srcInfoPoints = []}) "p1"))) (Var (SrcSpanInfo {srcInfoSpan = SrcSpan {srcSpanFilename = "tests/examples/InfixParser.hs", srcSpanStartLine = 6, srcSpanStartColumn = 20, srcSpanEndLine = 6, srcSpanEndColumn = 21}, srcInfoPoints = []}) (UnQual (SrcSpanInfo {srcInfoSpan = SrcSpan {srcSpanFilename = "tests/examples/InfixParser.hs", srcSpanStartLine = 6, srcSpanStartColumn = 20, srcSpanEndLine = 6, srcSpanEndColumn = 21}, srcInfoPoints = []}) (Ident (SrcSpanInfo {srcInfoSpan = SrcSpan {srcSpanFilename = "tests/examples/InfixParser.hs", srcSpanStartLine = 6, srcSpanStartColumn = 20, srcSpanEndLine = 6, srcSpanEndColumn = 21}, srcInfoPoints = []}) "i")))) (QVarOp (SrcSpanInfo {srcInfoSpan = SrcSpan {srcSpanFilename = "tests/examples/InfixParser.hs", srcSpanStartLine = 6, srcSpanStartColumn = 22, srcSpanEndLine = 6, srcSpanEndColumn = 24}, srcInfoPoints = []}) (UnQual (SrcSpanInfo {srcInfoSpan = SrcSpan {srcSpanFilename = "tests/examples/InfixParser.hs", srcSpanStartLine = 6, srcSpanStartColumn = 22, srcSpanEndLine = 6, srcSpanEndColumn = 24}, srcInfoPoints = []}) (Symbol (SrcSpanInfo {srcInfoSpan = SrcSpan {srcSpanFilename = "tests/examples/InfixParser.hs", srcSpanStartLine = 6, srcSpanStartColumn = 22, srcSpanEndLine = 6, srcSpanEndColumn = 24}, srcInfoPoints = []}) "++"))) (App (SrcSpanInfo {srcInfoSpan = SrcSpan {srcSpanFilename = "tests/examples/InfixParser.hs", srcSpanStartLine = 6, srcSpanStartColumn = 25, srcSpanEndLine = 6, srcSpanEndColumn = 29}, srcInfoPoints = []}) (Var (SrcSpanInfo {srcInfoSpan = SrcSpan {srcSpanFilename = "tests/examples/InfixParser.hs", srcSpanStartLine = 6, srcSpanStartColumn = 25, srcSpanEndLine = 6, srcSpanEndColumn = 27}, srcInfoPoints = []}) (UnQual (SrcSpanInfo {srcInfoSpan = SrcSpan {srcSpanFilename = "tests/examples/InfixParser.hs", srcSpanStartLine = 6, srcSpanStartColumn = 25, srcSpanEndLine = 6, srcSpanEndColumn = 27}, srcInfoPoints = []}) (Ident (SrcSpanInfo {srcInfoSpan = SrcSpan {srcSpanFilename = "tests/examples/InfixParser.hs", srcSpanStartLine = 6, srcSpanStartColumn = 25, srcSpanEndLine = 6, srcSpanEndColumn = 27}, srcInfoPoints = []}) "p2"))) (Var (SrcSpanInfo {srcInfoSpan = SrcSpan {srcSpanFilename = "tests/examples/InfixParser.hs", srcSpanStartLine = 6, srcSpanStartColumn = 28, srcSpanEndLine = 6, srcSpanEndColumn = 29}, srcInfoPoints = []}) (UnQual (SrcSpanInfo {srcInfoSpan = SrcSpan {srcSpanFilename = "tests/examples/InfixParser.hs", srcSpanStartLine = 6, srcSpanStartColumn = 28, srcSpanEndLine = 6, srcSpanEndColumn = 29}, srcInfoPoints = []}) (Ident (SrcSpanInfo {srcInfoSpan = SrcSpan {srcSpanFilename = "tests/examples/InfixParser.hs", srcSpanStartLine = 6, srcSpanStartColumn = 28, srcSpanEndLine = 6, srcSpanEndColumn = 29}, srcInfoPoints = []}) "i")))))) Nothing]],[])
