ParseOk (Module (SrcSpanInfo {srcInfoSpan = SrcSpan {srcSpanFilename = "tests/examples/LineOptionsPragma.hs", srcSpanStartLine = 1, srcSpanStartColumn = 1, srcSpanEndLine = 4, srcSpanEndColumn = 1}, srcInfoPoints = [SrcSpan {srcSpanFilename = "tests/examples/LineOptionsPragma.hs", srcSpanStartLine = 1, srcSpanStartColumn = 1, srcSpanEndLine = 1, srcSpanEndColumn = 1},SrcSpan {srcSpanFilename = "tests/examples/LineOptionsPragma.hs", srcSpanStartLine = 3, srcSpanStartColumn = 1, srcSpanEndLine = 3, srcSpanEndColumn = 1},SrcSpan {srcSpanFilename = "tests/examples/LineOptionsPragma.hs", srcSpanStartLine = 3, srcSpanStartColumn = 1, srcSpanEndLine = 3, srcSpanEndColumn = 1},SrcSpan {srcSpanFilename = "tests/examples/LineOptionsPragma.hs", srcSpanStartLine = 4, srcSpanStartColumn = 1, srcSpanEndLine = 4, srcSpanEndColumn = 1},SrcSpan {srcSpanFilename = "tests/examples/LineOptionsPragma.hs", srcSpanStartLine = 4, srcSpanStartColumn = 1, srcSpanEndLine = 4, srcSpanEndColumn = 1}]}) (Just (ModuleHead (SrcSpanInfo {srcInfoSpan = SrcSpan {srcSpanFilename = "tests/examples/LineOptionsPragma.hs", srcSpanStartLine = 3, srcSpanStartColumn = 1, srcSpanEndLine = 3, srcSpanEndColumn = 18}, srcInfoPoints = [SrcSpan {srcSpanFilename = "tests/examples/LineOptionsPragma.hs", srcSpanStartLine = 3, srcSpanStartColumn = 1, srcSpanEndLine = 3, srcSpanEndColumn = 7},SrcSpan {srcSpanFilename = "tests/examples/LineOptionsPragma.hs", srcSpanStartLine = 3, srcSpanStartColumn = 13, srcSpanEndLine = 3, srcSpanEndColumn = 18}]}) (ModuleName (SrcSpanInfo {srcInfoSpan = SrcSpan {srcSpanFilename = "tests/examples/LineOptionsPragma.hs", srcSpanStartLine = 3, srcSpanStartColumn = 8, srcSpanEndLine = 3, srcSpanEndColumn = 12}, srcInfoPoints = []}) "Fail") Nothing Nothing)) [OptionsPragma (SrcSpanInfo {srcInfoSpan = SrcSpan {srcSpanFilename = "tests/examples/LineOptionsPragma.hs", srcSpanStartLine = 1, srcSpanStartColumn = 1, srcSpanEndLine = 1, srcSpanEndColumn = 16}, srcInfoPoints = [SrcSpan {srcSpanFilename = "tests/examples/LineOptionsPragma.hs", srcSpanStartLine = 1, srcSpanStartColumn = 1, srcSpanEndLine = 1, srcSpanEndColumn = 13},SrcSpan {srcSpanFilename = "tests/examples/LineOptionsPragma.hs", srcSpanStartLine = 1, srcSpanStartColumn = 13, srcSpanEndLine = 1, srcSpanEndColumn = 16}]}) Nothing ""] [] [],[Comment True (SrcSpan {srcSpanFilename = "tests/examples/LineOptionsPragma.hs", srcSpanStartLine = 2, srcSpanStartColumn = 1, srcSpanEndLine = 2, srcSpanEndColumn = 48}) "# LINE 49 \"src/Language/C/Parser/Lexer.x\" #"])
