ParseFailed (SrcLoc {srcFilename = "tests/examples/NegPrimWordLiteral.hs", srcLine = 3, srcColumn = 1}) "Parse error: negative primitive word literal: - 9223372036854775808##"
