ParseOk (Module (SrcSpanInfo {srcInfoSpan = SrcSpan {srcSpanFilename = "tests/examples/ParenFunBind.hs", srcSpanStartLine = 1, srcSpanStartColumn = 1, srcSpanEndLine = 4, srcSpanEndColumn = 1}, srcInfoPoints = [SrcSpan {srcSpanFilename = "tests/examples/ParenFunBind.hs", srcSpanStartLine = 1, srcSpanStartColumn = 1, srcSpanEndLine = 1, srcSpanEndColumn = 1},SrcSpan {srcSpanFilename = "tests/examples/ParenFunBind.hs", srcSpanStartLine = 1, srcSpanStartColumn = 1, srcSpanEndLine = 1, srcSpanEndColumn = 1},SrcSpan {srcSpanFilename = "tests/examples/ParenFunBind.hs", srcSpanStartLine = 3, srcSpanStartColumn = 1, srcSpanEndLine = 3, srcSpanEndColumn = 1},SrcSpan {srcSpanFilename = "tests/examples/ParenFunBind.hs", srcSpanStartLine = 4, srcSpanStartColumn = 1, srcSpanEndLine = 4, srcSpanEndColumn = 1},SrcSpan {srcSpanFilename = "tests/examples/ParenFunBind.hs", srcSpanStartLine = 4, srcSpanStartColumn = 1, srcSpanEndLine = 4, srcSpanEndColumn = 1}]}) (Just (ModuleHead (SrcSpanInfo {srcInfoSpan = SrcSpan {srcSpanFilename = "tests/examples/ParenFunBind.hs", srcSpanStartLine = 1, srcSpanStartColumn = 1, srcSpanEndLine = 1, srcSpanEndColumn = 26}, srcInfoPoints = [SrcSpan {srcSpanFilename = "tests/examples/ParenFunBind.hs", srcSpanStartLine = 1, srcSpanStartColumn = 1, srcSpanEndLine = 1, srcSpanEndColumn = 7},SrcSpan {srcSpanFilename = "tests/examples/ParenFunBind.hs", srcSpanStartLine = 1, srcSpanStartColumn = 21, srcSpanEndLine = 1, srcSpanEndColumn = 26}]}) (ModuleName (SrcSpanInfo {srcInfoSpan = SrcSpan {srcSpanFilename = "tests/examples/ParenFunBind.hs", srcSpanStartLine = 1, srcSpanStartColumn = 8, srcSpanEndLine = 1, srcSpanEndColumn = 20}, srcInfoPoints = []}) "ParenFunBind") Nothing Nothing)) [] [] [FunBind (SrcSpanInfo {srcInfoSpan = SrcSpan {srcSpanFilename = "tests/examples/ParenFunBind.hs", srcSpanStartLine = 3, srcSpanStartColumn = 1, srcSpanEndLine = 3, srcSpanEndColumn = 18}, srcInfoPoints = []}) [Match (SrcSpanInfo {srcInfoSpan = SrcSpan {srcSpanFilename = "tests/examples/ParenFunBind.hs", srcSpanStartLine = 3, srcSpanStartColumn = 1, srcSpanEndLine = 3, srcSpanEndColumn = 18}, srcInfoPoints = [SrcSpan {srcSpanFilename = "tests/examples/ParenFunBind.hs", srcSpanStartLine = 3, srcSpanStartColumn = 1, srcSpanEndLine = 3, srcSpanEndColumn = 2},SrcSpan {srcSpanFilename = "tests/examples/ParenFunBind.hs", srcSpanStartLine = 3, srcSpanStartColumn = 7, srcSpanEndLine = 3, srcSpanEndColumn = 8}]}) (Ident (SrcSpanInfo {srcInfoSpan = SrcSpan {srcSpanFilename = "tests/examples/ParenFunBind.hs", srcSpanStartLine = 3, srcSpanStartColumn = 2, srcSpanEndLine = 3, srcSpanEndColumn = 5}, srcInfoPoints = []}) "foo") [PVar (SrcSpanInfo {srcInfoSpan = SrcSpan {srcSpanFilename = "tests/examples/ParenFunBind.hs", srcSpanStartLine = 3, srcSpanStartColumn = 6, srcSpanEndLine = 3, srcSpanEndColumn = 7}, srcInfoPoints = []}) (Ident (SrcSpanInfo {srcInfoSpan = SrcSpan {srcSpanFilename = "tests/examples/ParenFunBind.hs", srcSpanStartLine = 3, srcSpanStartColumn = 6, srcSpanEndLine = 3, srcSpanEndColumn = 7}, srcInfoPoints = []}) "x"),PVar (SrcSpanInfo {srcInfoSpan = SrcSpan {srcSpanFilename = "tests/examples/ParenFunBind.hs", srcSpanStartLine = 3, srcSpanStartColumn = 9, srcSpanEndLine = 3, srcSpanEndColumn = 10}, srcInfoPoints = []}) (Ident (SrcSpanInfo {srcInfoSpan = SrcSpan {srcSpanFilename = "tests/examples/ParenFunBind.hs", srcSpanStartLine = 3, srcSpanStartColumn = 9, srcSpanEndLine = 3, srcSpanEndColumn = 10}, srcInfoPoints = []}) "y")] (UnGuardedRhs (SrcSpanInfo {srcInfoSpan = SrcSpan {srcSpanFilename = "tests/examples/ParenFunBind.hs", srcSpanStartLine = 3, srcSpanStartColumn = 11, srcSpanEndLine = 3, srcSpanEndColumn = 18}, srcInfoPoints = [SrcSpan {srcSpanFilename = "tests/examples/ParenFunBind.hs", srcSpanStartLine = 3, srcSpanStartColumn = 11, srcSpanEndLine = 3, srcSpanEndColumn = 12}]}) (InfixApp (SrcSpanInfo {srcInfoSpan = SrcSpan {srcSpanFilename = "tests/examples/ParenFunBind.hs", srcSpanStartLine = 3, srcSpanStartColumn = 13, srcSpanEndLine = 3, srcSpanEndColumn = 18}, srcInfoPoints = []}) (Var (SrcSpanInfo {srcInfoSpan = SrcSpan {srcSpanFilename = "tests/examples/ParenFunBind.hs", srcSpanStartLine = 3, srcSpanStartColumn = 13, srcSpanEndLine = 3, srcSpanEndColumn = 14}, srcInfoPoints = []}) (UnQual (SrcSpanInfo {srcInfoSpan = SrcSpan {srcSpanFilename = "tests/examples/ParenFunBind.hs", srcSpanStartLine = 3, srcSpanStartColumn = 13, srcSpanEndLine = 3, srcSpanEndColumn = 14}, srcInfoPoints = []}) (Ident (SrcSpanInfo {srcInfoSpan = SrcSpan {srcSpanFilename = "tests/examples/ParenFunBind.hs", srcSpanStartLine = 3, srcSpanStartColumn = 13, srcSpanEndLine = 3, srcSpanEndColumn = 14}, srcInfoPoints = []}) "x"))) (QVarOp (SrcSpanInfo {srcInfoSpan = SrcSpan {srcSpanFilename = "tests/examples/ParenFunBind.hs", srcSpanStartLine = 3, srcSpanStartColumn = 15, srcSpanEndLine = 3, srcSpanEndColumn = 16}, srcInfoPoints = []}) (UnQual (SrcSpanInfo {srcInfoSpan = SrcSpan {srcSpanFilename = "tests/examples/ParenFunBind.hs", srcSpanStartLine = 3, srcSpanStartColumn = 15, srcSpanEndLine = 3, srcSpanEndColumn = 16}, srcInfoPoints = []}) (Symbol (SrcSpanInfo {srcInfoSpan = SrcSpan {srcSpanFilename = "tests/examples/ParenFunBind.hs", srcSpanStartLine = 3, srcSpanStartColumn = 15, srcSpanEndLine = 3, srcSpanEndColumn = 16}, srcInfoPoints = []}) "+"))) (Var (SrcSpanInfo {srcInfoSpan = SrcSpan {srcSpanFilename = "tests/examples/ParenFunBind.hs", srcSpanStartLine = 3, srcSpanStartColumn = 17, srcSpanEndLine = 3, srcSpanEndColumn = 18}, srcInfoPoints = []}) (UnQual (SrcSpanInfo {srcInfoSpan = SrcSpan {srcSpanFilename = "tests/examples/ParenFunBind.hs", srcSpanStartLine = 3, srcSpanStartColumn = 17, srcSpanEndLine = 3, srcSpanEndColumn = 18}, srcInfoPoints = []}) (Ident (SrcSpanInfo {srcInfoSpan = SrcSpan {srcSpanFilename = "tests/examples/ParenFunBind.hs", srcSpanStartLine = 3, srcSpanStartColumn = 17, srcSpanEndLine = 3, srcSpanEndColumn = 18}, srcInfoPoints = []}) "y"))))) Nothing]],[])
