ParseFailed (SrcLoc {srcFilename = "tests/examples/QQType.hs", srcLine = 7, srcColumn = 23}) "Parse error: $("
