ParseFailed (SrcLoc {srcFilename = "tests/examples/RecordPuns.hs", srcLine = 3, srcColumn = 29}) "NamedFieldPuns is not enabled"
