ParseOk (Module (SrcSpanInfo {srcInfoSpan = SrcSpan {srcSpanFilename = "tests/examples/SimpleDeriving.hs", srcSpanStartLine = 1, srcSpanStartColumn = 1, srcSpanEndLine = 2, srcSpanEndColumn = 1}, srcInfoPoints = [SrcSpan {srcSpanFilename = "tests/examples/SimpleDeriving.hs", srcSpanStartLine = 1, srcSpanStartColumn = 1, srcSpanEndLine = 1, srcSpanEndColumn = 1},SrcSpan {srcSpanFilename = "tests/examples/SimpleDeriving.hs", srcSpanStartLine = 1, srcSpanStartColumn = 1, srcSpanEndLine = 1, srcSpanEndColumn = 1},SrcSpan {srcSpanFilename = "tests/examples/SimpleDeriving.hs", srcSpanStartLine = 1, srcSpanStartColumn = 1, srcSpanEndLine = 1, srcSpanEndColumn = 1},SrcSpan {srcSpanFilename = "tests/examples/SimpleDeriving.hs", srcSpanStartLine = 2, srcSpanStartColumn = 1, srcSpanEndLine = 2, srcSpanEndColumn = 1},SrcSpan {srcSpanFilename = "tests/examples/SimpleDeriving.hs", srcSpanStartLine = 2, srcSpanStartColumn = 1, srcSpanEndLine = 2, srcSpanEndColumn = 1}]}) Nothing [] [] [DataDecl (SrcSpanInfo {srcInfoSpan = SrcSpan {srcSpanFilename = "tests/examples/SimpleDeriving.hs", srcSpanStartLine = 1, srcSpanStartColumn = 1, srcSpanEndLine = 1, srcSpanEndColumn = 23}, srcInfoPoints = [SrcSpan {srcSpanFilename = "tests/examples/SimpleDeriving.hs", srcSpanStartLine = 1, srcSpanStartColumn = 8, srcSpanEndLine = 1, srcSpanEndColumn = 9}]}) (DataType (SrcSpanInfo {srcInfoSpan = SrcSpan {srcSpanFilename = "tests/examples/SimpleDeriving.hs", srcSpanStartLine = 1, srcSpanStartColumn = 1, srcSpanEndLine = 1, srcSpanEndColumn = 5}, srcInfoPoints = []})) Nothing (DHead (SrcSpanInfo {srcInfoSpan = SrcSpan {srcSpanFilename = "tests/examples/SimpleDeriving.hs", srcSpanStartLine = 1, srcSpanStartColumn = 6, srcSpanEndLine = 1, srcSpanEndColumn = 7}, srcInfoPoints = []}) (Ident (SrcSpanInfo {srcInfoSpan = SrcSpan {srcSpanFilename = "tests/examples/SimpleDeriving.hs", srcSpanStartLine = 1, srcSpanStartColumn = 6, srcSpanEndLine = 1, srcSpanEndColumn = 7}, srcInfoPoints = []}) "T") []) [QualConDecl (SrcSpanInfo {srcInfoSpan = SrcSpan {srcSpanFilename = "tests/examples/SimpleDeriving.hs", srcSpanStartLine = 1, srcSpanStartColumn = 10, srcSpanEndLine = 1, srcSpanEndColumn = 11}, srcInfoPoints = []}) Nothing Nothing (ConDecl (SrcSpanInfo {srcInfoSpan = SrcSpan {srcSpanFilename = "tests/examples/SimpleDeriving.hs", srcSpanStartLine = 1, srcSpanStartColumn = 10, srcSpanEndLine = 1, srcSpanEndColumn = 11}, srcInfoPoints = []}) (Ident (SrcSpanInfo {srcInfoSpan = SrcSpan {srcSpanFilename = "tests/examples/SimpleDeriving.hs", srcSpanStartLine = 1, srcSpanStartColumn = 10, srcSpanEndLine = 1, srcSpanEndColumn = 11}, srcInfoPoints = []}) "T") [])] (Just (Deriving (SrcSpanInfo {srcInfoSpan = SrcSpan {srcSpanFilename = "tests/examples/SimpleDeriving.hs", srcSpanStartLine = 1, srcSpanStartColumn = 12, srcSpanEndLine = 1, srcSpanEndColumn = 23}, srcInfoPoints = [SrcSpan {srcSpanFilename = "tests/examples/SimpleDeriving.hs", srcSpanStartLine = 1, srcSpanStartColumn = 12, srcSpanEndLine = 1, srcSpanEndColumn = 20}]}) [IHead (SrcSpanInfo {srcInfoSpan = SrcSpan {srcSpanFilename = "tests/examples/SimpleDeriving.hs", srcSpanStartLine = 1, srcSpanStartColumn = 21, srcSpanEndLine = 1, srcSpanEndColumn = 23}, srcInfoPoints = []}) (UnQual (SrcSpanInfo {srcInfoSpan = SrcSpan {srcSpanFilename = "tests/examples/SimpleDeriving.hs", srcSpanStartLine = 1, srcSpanStartColumn = 21, srcSpanEndLine = 1, srcSpanEndColumn = 23}, srcInfoPoints = []}) (Ident (SrcSpanInfo {srcInfoSpan = SrcSpan {srcSpanFilename = "tests/examples/SimpleDeriving.hs", srcSpanStartLine = 1, srcSpanStartColumn = 21, srcSpanEndLine = 1, srcSpanEndColumn = 23}, srcInfoPoints = []}) "Eq")) []]))],[])
