ParseFailed (SrcLoc {srcFilename = "tests/examples/THTypes.hs", srcLine = 9, srcColumn = 23}) "Parse error: $("
