ParseOk (Module (SrcSpanInfo {srcInfoSpan = SrcSpan {srcSpanFilename = "tests/examples/TupleSections.hs", srcSpanStartLine = 1, srcSpanStartColumn = 1, srcSpanEndLine = 4, srcSpanEndColumn = 1}, srcInfoPoints = [SrcSpan {srcSpanFilename = "tests/examples/TupleSections.hs", srcSpanStartLine = 1, srcSpanStartColumn = 1, srcSpanEndLine = 1, srcSpanEndColumn = 1},SrcSpan {srcSpanFilename = "tests/examples/TupleSections.hs", srcSpanStartLine = 3, srcSpanStartColumn = 1, srcSpanEndLine = 3, srcSpanEndColumn = 1},SrcSpan {srcSpanFilename = "tests/examples/TupleSections.hs", srcSpanStartLine = 3, srcSpanStartColumn = 1, srcSpanEndLine = 3, srcSpanEndColumn = 1},SrcSpan {srcSpanFilename = "tests/examples/TupleSections.hs", srcSpanStartLine = 3, srcSpanStartColumn = 1, srcSpanEndLine = 3, srcSpanEndColumn = 1},SrcSpan {srcSpanFilename = "tests/examples/TupleSections.hs", srcSpanStartLine = 4, srcSpanStartColumn = 1, srcSpanEndLine = 4, srcSpanEndColumn = 1},SrcSpan {srcSpanFilename = "tests/examples/TupleSections.hs", srcSpanStartLine = 4, srcSpanStartColumn = 1, srcSpanEndLine = 4, srcSpanEndColumn = 1}]}) Nothing [LanguagePragma (SrcSpanInfo {srcInfoSpan = SrcSpan {srcSpanFilename = "tests/examples/TupleSections.hs", srcSpanStartLine = 1, srcSpanStartColumn = 1, srcSpanEndLine = 1, srcSpanEndColumn = 31}, srcInfoPoints = [SrcSpan {srcSpanFilename = "tests/examples/TupleSections.hs", srcSpanStartLine = 1, srcSpanStartColumn = 1, srcSpanEndLine = 1, srcSpanEndColumn = 13},SrcSpan {srcSpanFilename = "tests/examples/TupleSections.hs", srcSpanStartLine = 1, srcSpanStartColumn = 28, srcSpanEndLine = 1, srcSpanEndColumn = 31}]}) [Ident (SrcSpanInfo {srcInfoSpan = SrcSpan {srcSpanFilename = "tests/examples/TupleSections.hs", srcSpanStartLine = 1, srcSpanStartColumn = 14, srcSpanEndLine = 1, srcSpanEndColumn = 27}, srcInfoPoints = []}) "TupleSections"]] [] [FunBind (SrcSpanInfo {srcInfoSpan = SrcSpan {srcSpanFilename = "tests/examples/TupleSections.hs", srcSpanStartLine = 3, srcSpanStartColumn = 1, srcSpanEndLine = 3, srcSpanEndColumn = 18}, srcInfoPoints = []}) [Match (SrcSpanInfo {srcInfoSpan = SrcSpan {srcSpanFilename = "tests/examples/TupleSections.hs", srcSpanStartLine = 3, srcSpanStartColumn = 1, srcSpanEndLine = 3, srcSpanEndColumn = 18}, srcInfoPoints = []}) (Ident (SrcSpanInfo {srcInfoSpan = SrcSpan {srcSpanFilename = "tests/examples/TupleSections.hs", srcSpanStartLine = 3, srcSpanStartColumn = 1, srcSpanEndLine = 3, srcSpanEndColumn = 4}, srcInfoPoints = []}) "foo") [PVar (SrcSpanInfo {srcInfoSpan = SrcSpan {srcSpanFilename = "tests/examples/TupleSections.hs", srcSpanStartLine = 3, srcSpanStartColumn = 5, srcSpanEndLine = 3, srcSpanEndColumn = 6}, srcInfoPoints = []}) (Ident (SrcSpanInfo {srcInfoSpan = SrcSpan {srcSpanFilename = "tests/examples/TupleSections.hs", srcSpanStartLine = 3, srcSpanStartColumn = 5, srcSpanEndLine = 3, srcSpanEndColumn = 6}, srcInfoPoints = []}) "x")] (UnGuardedRhs (SrcSpanInfo {srcInfoSpan = SrcSpan {srcSpanFilename = "tests/examples/TupleSections.hs", srcSpanStartLine = 3, srcSpanStartColumn = 7, srcSpanEndLine = 3, srcSpanEndColumn = 18}, srcInfoPoints = [SrcSpan {srcSpanFilename = "tests/examples/TupleSections.hs", srcSpanStartLine = 3, srcSpanStartColumn = 7, srcSpanEndLine = 3, srcSpanEndColumn = 8}]}) (App (SrcSpanInfo {srcInfoSpan = SrcSpan {srcSpanFilename = "tests/examples/TupleSections.hs", srcSpanStartLine = 3, srcSpanStartColumn = 9, srcSpanEndLine = 3, srcSpanEndColumn = 18}, srcInfoPoints = []}) (App (SrcSpanInfo {srcInfoSpan = SrcSpan {srcSpanFilename = "tests/examples/TupleSections.hs", srcSpanStartLine = 3, srcSpanStartColumn = 9, srcSpanEndLine = 3, srcSpanEndColumn = 16}, srcInfoPoints = []}) (TupleSection (SrcSpanInfo {srcInfoSpan = SrcSpan {srcSpanFilename = "tests/examples/TupleSections.hs", srcSpanStartLine = 3, srcSpanStartColumn = 9, srcSpanEndLine = 3, srcSpanEndColumn = 14}, srcInfoPoints = [SrcSpan {srcSpanFilename = "tests/examples/TupleSections.hs", srcSpanStartLine = 3, srcSpanStartColumn = 9, srcSpanEndLine = 3, srcSpanEndColumn = 10},SrcSpan {srcSpanFilename = "tests/examples/TupleSections.hs", srcSpanStartLine = 3, srcSpanStartColumn = 11, srcSpanEndLine = 3, srcSpanEndColumn = 12},SrcSpan {srcSpanFilename = "tests/examples/TupleSections.hs", srcSpanStartLine = 3, srcSpanStartColumn = 12, srcSpanEndLine = 3, srcSpanEndColumn = 13},SrcSpan {srcSpanFilename = "tests/examples/TupleSections.hs", srcSpanStartLine = 3, srcSpanStartColumn = 13, srcSpanEndLine = 3, srcSpanEndColumn = 14}]}) Boxed [Just (Lit (SrcSpanInfo {srcInfoSpan = SrcSpan {srcSpanFilename = "tests/examples/TupleSections.hs", srcSpanStartLine = 3, srcSpanStartColumn = 10, srcSpanEndLine = 3, srcSpanEndColumn = 11}, srcInfoPoints = []}) (Int (SrcSpanInfo {srcInfoSpan = SrcSpan {srcSpanFilename = "tests/examples/TupleSections.hs", srcSpanStartLine = 3, srcSpanStartColumn = 10, srcSpanEndLine = 3, srcSpanEndColumn = 11}, srcInfoPoints = []}) 1 "1")),Nothing,Nothing]) (Var (SrcSpanInfo {srcInfoSpan = SrcSpan {srcSpanFilename = "tests/examples/TupleSections.hs", srcSpanStartLine = 3, srcSpanStartColumn = 15, srcSpanEndLine = 3, srcSpanEndColumn = 16}, srcInfoPoints = []}) (UnQual (SrcSpanInfo {srcInfoSpan = SrcSpan {srcSpanFilename = "tests/examples/TupleSections.hs", srcSpanStartLine = 3, srcSpanStartColumn = 15, srcSpanEndLine = 3, srcSpanEndColumn = 16}, srcInfoPoints = []}) (Ident (SrcSpanInfo {srcInfoSpan = SrcSpan {srcSpanFilename = "tests/examples/TupleSections.hs", srcSpanStartLine = 3, srcSpanStartColumn = 15, srcSpanEndLine = 3, srcSpanEndColumn = 16}, srcInfoPoints = []}) "x")))) (Lit (SrcSpanInfo {srcInfoSpan = SrcSpan {srcSpanFilename = "tests/examples/TupleSections.hs", srcSpanStartLine = 3, srcSpanStartColumn = 17, srcSpanEndLine = 3, srcSpanEndColumn = 18}, srcInfoPoints = []}) (Int (SrcSpanInfo {srcInfoSpan = SrcSpan {srcSpanFilename = "tests/examples/TupleSections.hs", srcSpanStartLine = 3, srcSpanStartColumn = 17, srcSpanEndLine = 3, srcSpanEndColumn = 18}, srcInfoPoints = []}) 3 "3")))) Nothing]],[])
