ParseOk (Module (SrcSpanInfo {srcInfoSpan = SrcSpan {srcSpanFilename = "tests/examples/UnboxedSingleton.hs", srcSpanStartLine = 1, srcSpanStartColumn = 1, srcSpanEndLine = 4, srcSpanEndColumn = 1}, srcInfoPoints = [SrcSpan {srcSpanFilename = "tests/examples/UnboxedSingleton.hs", srcSpanStartLine = 1, srcSpanStartColumn = 1, srcSpanEndLine = 1, srcSpanEndColumn = 1},SrcSpan {srcSpanFilename = "tests/examples/UnboxedSingleton.hs", srcSpanStartLine = 3, srcSpanStartColumn = 1, srcSpanEndLine = 3, srcSpanEndColumn = 1},SrcSpan {srcSpanFilename = "tests/examples/UnboxedSingleton.hs", srcSpanStartLine = 3, srcSpanStartColumn = 1, srcSpanEndLine = 3, srcSpanEndColumn = 1},SrcSpan {srcSpanFilename = "tests/examples/UnboxedSingleton.hs", srcSpanStartLine = 3, srcSpanStartColumn = 1, srcSpanEndLine = 3, srcSpanEndColumn = 1},SrcSpan {srcSpanFilename = "tests/examples/UnboxedSingleton.hs", srcSpanStartLine = 4, srcSpanStartColumn = 1, srcSpanEndLine = 4, srcSpanEndColumn = 1},SrcSpan {srcSpanFilename = "tests/examples/UnboxedSingleton.hs", srcSpanStartLine = 4, srcSpanStartColumn = 1, srcSpanEndLine = 4, srcSpanEndColumn = 1}]}) Nothing [LanguagePragma (SrcSpanInfo {srcInfoSpan = SrcSpan {srcSpanFilename = "tests/examples/UnboxedSingleton.hs", srcSpanStartLine = 1, srcSpanStartColumn = 1, srcSpanEndLine = 1, srcSpanEndColumn = 31}, srcInfoPoints = [SrcSpan {srcSpanFilename = "tests/examples/UnboxedSingleton.hs", srcSpanStartLine = 1, srcSpanStartColumn = 1, srcSpanEndLine = 1, srcSpanEndColumn = 13},SrcSpan {srcSpanFilename = "tests/examples/UnboxedSingleton.hs", srcSpanStartLine = 1, srcSpanStartColumn = 28, srcSpanEndLine = 1, srcSpanEndColumn = 31}]}) [Ident (SrcSpanInfo {srcInfoSpan = SrcSpan {srcSpanFilename = "tests/examples/UnboxedSingleton.hs", srcSpanStartLine = 1, srcSpanStartColumn = 14, srcSpanEndLine = 1, srcSpanEndColumn = 27}, srcInfoPoints = []}) "UnboxedTuples"]] [] [FunBind (SrcSpanInfo {srcInfoSpan = SrcSpan {srcSpanFilename = "tests/examples/UnboxedSingleton.hs", srcSpanStartLine = 3, srcSpanStartColumn = 1, srcSpanEndLine = 3, srcSpanEndColumn = 16}, srcInfoPoints = []}) [Match (SrcSpanInfo {srcInfoSpan = SrcSpan {srcSpanFilename = "tests/examples/UnboxedSingleton.hs", srcSpanStartLine = 3, srcSpanStartColumn = 1, srcSpanEndLine = 3, srcSpanEndColumn = 16}, srcInfoPoints = []}) (Ident (SrcSpanInfo {srcInfoSpan = SrcSpan {srcSpanFilename = "tests/examples/UnboxedSingleton.hs", srcSpanStartLine = 3, srcSpanStartColumn = 1, srcSpanEndLine = 3, srcSpanEndColumn = 4}, srcInfoPoints = []}) "foo") [PVar (SrcSpanInfo {srcInfoSpan = SrcSpan {srcSpanFilename = "tests/examples/UnboxedSingleton.hs", srcSpanStartLine = 3, srcSpanStartColumn = 5, srcSpanEndLine = 3, srcSpanEndColumn = 6}, srcInfoPoints = []}) (Ident (SrcSpanInfo {srcInfoSpan = SrcSpan {srcSpanFilename = "tests/examples/UnboxedSingleton.hs", srcSpanStartLine = 3, srcSpanStartColumn = 5, srcSpanEndLine = 3, srcSpanEndColumn = 6}, srcInfoPoints = []}) "a")] (UnGuardedRhs (SrcSpanInfo {srcInfoSpan = SrcSpan {srcSpanFilename = "tests/examples/UnboxedSingleton.hs", srcSpanStartLine = 3, srcSpanStartColumn = 7, srcSpanEndLine = 3, srcSpanEndColumn = 16}, srcInfoPoints = [SrcSpan {srcSpanFilename = "tests/examples/UnboxedSingleton.hs", srcSpanStartLine = 3, srcSpanStartColumn = 7, srcSpanEndLine = 3, srcSpanEndColumn = 8}]}) (Tuple (SrcSpanInfo {srcInfoSpan = SrcSpan {srcSpanFilename = "tests/examples/UnboxedSingleton.hs", srcSpanStartLine = 3, srcSpanStartColumn = 9, srcSpanEndLine = 3, srcSpanEndColumn = 16}, srcInfoPoints = [SrcSpan {srcSpanFilename = "tests/examples/UnboxedSingleton.hs", srcSpanStartLine = 3, srcSpanStartColumn = 9, srcSpanEndLine = 3, srcSpanEndColumn = 11},SrcSpan {srcSpanFilename = "tests/examples/UnboxedSingleton.hs", srcSpanStartLine = 3, srcSpanStartColumn = 14, srcSpanEndLine = 3, srcSpanEndColumn = 16}]}) Unboxed [Var (SrcSpanInfo {srcInfoSpan = SrcSpan {srcSpanFilename = "tests/examples/UnboxedSingleton.hs", srcSpanStartLine = 3, srcSpanStartColumn = 12, srcSpanEndLine = 3, srcSpanEndColumn = 13}, srcInfoPoints = []}) (UnQual (SrcSpanInfo {srcInfoSpan = SrcSpan {srcSpanFilename = "tests/examples/UnboxedSingleton.hs", srcSpanStartLine = 3, srcSpanStartColumn = 12, srcSpanEndLine = 3, srcSpanEndColumn = 13}, srcInfoPoints = []}) (Ident (SrcSpanInfo {srcInfoSpan = SrcSpan {srcSpanFilename = "tests/examples/UnboxedSingleton.hs", srcSpanStartLine = 3, srcSpanStartColumn = 12, srcSpanEndLine = 3, srcSpanEndColumn = 13}, srcInfoPoints = []}) "a"))])) Nothing]],[Comment False (SrcSpan {srcSpanFilename = "tests/examples/UnboxedSingleton.hs", srcSpanStartLine = 2, srcSpanStartColumn = 1, srcSpanEndLine = 2, srcSpanEndColumn = 33}) " See e.g. GHC.Prim.indexArray#"])
