ParseOk (Module (SrcSpanInfo {srcInfoSpan = SrcSpan {srcSpanFilename = "tests/examples/WhereBlock.hs", srcSpanStartLine = 1, srcSpanStartColumn = 1, srcSpanEndLine = 4, srcSpanEndColumn = 1}, srcInfoPoints = [SrcSpan {srcSpanFilename = "tests/examples/WhereBlock.hs", srcSpanStartLine = 1, srcSpanStartColumn = 1, srcSpanEndLine = 1, srcSpanEndColumn = 1},SrcSpan {srcSpanFilename = "tests/examples/WhereBlock.hs", srcSpanStartLine = 1, srcSpanStartColumn = 1, srcSpanEndLine = 1, srcSpanEndColumn = 1},SrcSpan {srcSpanFilename = "tests/examples/WhereBlock.hs", srcSpanStartLine = 1, srcSpanStartColumn = 1, srcSpanEndLine = 1, srcSpanEndColumn = 1},SrcSpan {srcSpanFilename = "tests/examples/WhereBlock.hs", srcSpanStartLine = 4, srcSpanStartColumn = 1, srcSpanEndLine = 4, srcSpanEndColumn = 1},SrcSpan {srcSpanFilename = "tests/examples/WhereBlock.hs", srcSpanStartLine = 4, srcSpanStartColumn = 1, srcSpanEndLine = 4, srcSpanEndColumn = 1}]}) Nothing [] [] [FunBind (SrcSpanInfo {srcInfoSpan = SrcSpan {srcSpanFilename = "tests/examples/WhereBlock.hs", srcSpanStartLine = 1, srcSpanStartColumn = 1, srcSpanEndLine = 4, srcSpanEndColumn = 0}, srcInfoPoints = [SrcSpan {srcSpanFilename = "tests/examples/WhereBlock.hs", srcSpanStartLine = 2, srcSpanStartColumn = 2, srcSpanEndLine = 2, srcSpanEndColumn = 7}]}) [Match (SrcSpanInfo {srcInfoSpan = SrcSpan {srcSpanFilename = "tests/examples/WhereBlock.hs", srcSpanStartLine = 1, srcSpanStartColumn = 1, srcSpanEndLine = 4, srcSpanEndColumn = 0}, srcInfoPoints = [SrcSpan {srcSpanFilename = "tests/examples/WhereBlock.hs", srcSpanStartLine = 2, srcSpanStartColumn = 2, srcSpanEndLine = 2, srcSpanEndColumn = 7}]}) (Ident (SrcSpanInfo {srcInfoSpan = SrcSpan {srcSpanFilename = "tests/examples/WhereBlock.hs", srcSpanStartLine = 1, srcSpanStartColumn = 1, srcSpanEndLine = 1, srcSpanEndColumn = 5}, srcInfoPoints = []}) "hash") [PVar (SrcSpanInfo {srcInfoSpan = SrcSpan {srcSpanFilename = "tests/examples/WhereBlock.hs", srcSpanStartLine = 1, srcSpanStartColumn = 6, srcSpanEndLine = 1, srcSpanEndColumn = 9}, srcInfoPoints = []}) (Ident (SrcSpanInfo {srcInfoSpan = SrcSpan {srcSpanFilename = "tests/examples/WhereBlock.hs", srcSpanStartLine = 1, srcSpanStartColumn = 6, srcSpanEndLine = 1, srcSpanEndColumn = 9}, srcInfoPoints = []}) "ptr"),PVar (SrcSpanInfo {srcInfoSpan = SrcSpan {srcSpanFilename = "tests/examples/WhereBlock.hs", srcSpanStartLine = 1, srcSpanStartColumn = 10, srcSpanEndLine = 1, srcSpanEndColumn = 13}, srcInfoPoints = []}) (Ident (SrcSpanInfo {srcInfoSpan = SrcSpan {srcSpanFilename = "tests/examples/WhereBlock.hs", srcSpanStartLine = 1, srcSpanStartColumn = 10, srcSpanEndLine = 1, srcSpanEndColumn = 13}, srcInfoPoints = []}) "len")] (UnGuardedRhs (SrcSpanInfo {srcInfoSpan = SrcSpan {srcSpanFilename = "tests/examples/WhereBlock.hs", srcSpanStartLine = 1, srcSpanStartColumn = 14, srcSpanEndLine = 1, srcSpanEndColumn = 21}, srcInfoPoints = [SrcSpan {srcSpanFilename = "tests/examples/WhereBlock.hs", srcSpanStartLine = 1, srcSpanStartColumn = 14, srcSpanEndLine = 1, srcSpanEndColumn = 15}]}) (App (SrcSpanInfo {srcInfoSpan = SrcSpan {srcSpanFilename = "tests/examples/WhereBlock.hs", srcSpanStartLine = 1, srcSpanStartColumn = 16, srcSpanEndLine = 1, srcSpanEndColumn = 21}, srcInfoPoints = []}) (Var (SrcSpanInfo {srcInfoSpan = SrcSpan {srcSpanFilename = "tests/examples/WhereBlock.hs", srcSpanStartLine = 1, srcSpanStartColumn = 16, srcSpanEndLine = 1, srcSpanEndColumn = 17}, srcInfoPoints = []}) (UnQual (SrcSpanInfo {srcInfoSpan = SrcSpan {srcSpanFilename = "tests/examples/WhereBlock.hs", srcSpanStartLine = 1, srcSpanStartColumn = 16, srcSpanEndLine = 1, srcSpanEndColumn = 17}, srcInfoPoints = []}) (Ident (SrcSpanInfo {srcInfoSpan = SrcSpan {srcSpanFilename = "tests/examples/WhereBlock.hs", srcSpanStartLine = 1, srcSpanStartColumn = 16, srcSpanEndLine = 1, srcSpanEndColumn = 17}, srcInfoPoints = []}) "f"))) (Var (SrcSpanInfo {srcInfoSpan = SrcSpan {srcSpanFilename = "tests/examples/WhereBlock.hs", srcSpanStartLine = 1, srcSpanStartColumn = 18, srcSpanEndLine = 1, srcSpanEndColumn = 21}, srcInfoPoints = []}) (UnQual (SrcSpanInfo {srcInfoSpan = SrcSpan {srcSpanFilename = "tests/examples/WhereBlock.hs", srcSpanStartLine = 1, srcSpanStartColumn = 18, srcSpanEndLine = 1, srcSpanEndColumn = 21}, srcInfoPoints = []}) (Ident (SrcSpanInfo {srcInfoSpan = SrcSpan {srcSpanFilename = "tests/examples/WhereBlock.hs", srcSpanStartLine = 1, srcSpanStartColumn = 18, srcSpanEndLine = 1, srcSpanEndColumn = 21}, srcInfoPoints = []}) "len"))))) (Just (BDecls (SrcSpanInfo {srcInfoSpan = SrcSpan {srcSpanFilename = "tests/examples/WhereBlock.hs", srcSpanStartLine = 2, srcSpanStartColumn = 8, srcSpanEndLine = 4, srcSpanEndColumn = 0}, srcInfoPoints = [SrcSpan {srcSpanFilename = "tests/examples/WhereBlock.hs", srcSpanStartLine = 2, srcSpanStartColumn = 8, srcSpanEndLine = 2, srcSpanEndColumn = 8},SrcSpan {srcSpanFilename = "tests/examples/WhereBlock.hs", srcSpanStartLine = 3, srcSpanStartColumn = 8, srcSpanEndLine = 3, srcSpanEndColumn = 8},SrcSpan {srcSpanFilename = "tests/examples/WhereBlock.hs", srcSpanStartLine = 4, srcSpanStartColumn = 1, srcSpanEndLine = 4, srcSpanEndColumn = 0}]}) [FunBind (SrcSpanInfo {srcInfoSpan = SrcSpan {srcSpanFilename = "tests/examples/WhereBlock.hs", srcSpanStartLine = 2, srcSpanStartColumn = 8, srcSpanEndLine = 3, srcSpanEndColumn = 32}, srcInfoPoints = []}) [Match (SrcSpanInfo {srcInfoSpan = SrcSpan {srcSpanFilename = "tests/examples/WhereBlock.hs", srcSpanStartLine = 2, srcSpanStartColumn = 8, srcSpanEndLine = 2, srcSpanEndColumn = 22}, srcInfoPoints = []}) (Ident (SrcSpanInfo {srcInfoSpan = SrcSpan {srcSpanFilename = "tests/examples/WhereBlock.hs", srcSpanStartLine = 2, srcSpanStartColumn = 8, srcSpanEndLine = 2, srcSpanEndColumn = 9}, srcInfoPoints = []}) "f") [PVar (SrcSpanInfo {srcInfoSpan = SrcSpan {srcSpanFilename = "tests/examples/WhereBlock.hs", srcSpanStartLine = 2, srcSpanStartColumn = 10, srcSpanEndLine = 2, srcSpanEndColumn = 11}, srcInfoPoints = []}) (Ident (SrcSpanInfo {srcInfoSpan = SrcSpan {srcSpanFilename = "tests/examples/WhereBlock.hs", srcSpanStartLine = 2, srcSpanStartColumn = 10, srcSpanEndLine = 2, srcSpanEndColumn = 11}, srcInfoPoints = []}) "h")] (UnGuardedRhs (SrcSpanInfo {srcInfoSpan = SrcSpan {srcSpanFilename = "tests/examples/WhereBlock.hs", srcSpanStartLine = 2, srcSpanStartColumn = 12, srcSpanEndLine = 2, srcSpanEndColumn = 22}, srcInfoPoints = [SrcSpan {srcSpanFilename = "tests/examples/WhereBlock.hs", srcSpanStartLine = 2, srcSpanStartColumn = 12, srcSpanEndLine = 2, srcSpanEndColumn = 13}]}) (App (SrcSpanInfo {srcInfoSpan = SrcSpan {srcSpanFilename = "tests/examples/WhereBlock.hs", srcSpanStartLine = 2, srcSpanStartColumn = 14, srcSpanEndLine = 2, srcSpanEndColumn = 22}, srcInfoPoints = []}) (Var (SrcSpanInfo {srcInfoSpan = SrcSpan {srcSpanFilename = "tests/examples/WhereBlock.hs", srcSpanStartLine = 2, srcSpanStartColumn = 14, srcSpanEndLine = 2, srcSpanEndColumn = 20}, srcInfoPoints = []}) (UnQual (SrcSpanInfo {srcInfoSpan = SrcSpan {srcSpanFilename = "tests/examples/WhereBlock.hs", srcSpanStartLine = 2, srcSpanStartColumn = 14, srcSpanEndLine = 2, srcSpanEndColumn = 20}, srcInfoPoints = []}) (Ident (SrcSpanInfo {srcInfoSpan = SrcSpan {srcSpanFilename = "tests/examples/WhereBlock.hs", srcSpanStartLine = 2, srcSpanStartColumn = 14, srcSpanEndLine = 2, srcSpanEndColumn = 20}, srcInfoPoints = []}) "return"))) (Var (SrcSpanInfo {srcInfoSpan = SrcSpan {srcSpanFilename = "tests/examples/WhereBlock.hs", srcSpanStartLine = 2, srcSpanStartColumn = 21, srcSpanEndLine = 2, srcSpanEndColumn = 22}, srcInfoPoints = []}) (UnQual (SrcSpanInfo {srcInfoSpan = SrcSpan {srcSpanFilename = "tests/examples/WhereBlock.hs", srcSpanStartLine = 2, srcSpanStartColumn = 21, srcSpanEndLine = 2, srcSpanEndColumn = 22}, srcInfoPoints = []}) (Ident (SrcSpanInfo {srcInfoSpan = SrcSpan {srcSpanFilename = "tests/examples/WhereBlock.hs", srcSpanStartLine = 2, srcSpanStartColumn = 21, srcSpanEndLine = 2, srcSpanEndColumn = 22}, srcInfoPoints = []}) "h"))))) Nothing,Match (SrcSpanInfo {srcInfoSpan = SrcSpan {srcSpanFilename = "tests/examples/WhereBlock.hs", srcSpanStartLine = 3, srcSpanStartColumn = 8, srcSpanEndLine = 3, srcSpanEndColumn = 32}, srcInfoPoints = []}) (Ident (SrcSpanInfo {srcInfoSpan = SrcSpan {srcSpanFilename = "tests/examples/WhereBlock.hs", srcSpanStartLine = 3, srcSpanStartColumn = 8, srcSpanEndLine = 3, srcSpanEndColumn = 9}, srcInfoPoints = []}) "f") [PVar (SrcSpanInfo {srcInfoSpan = SrcSpan {srcSpanFilename = "tests/examples/WhereBlock.hs", srcSpanStartLine = 3, srcSpanStartColumn = 10, srcSpanEndLine = 3, srcSpanEndColumn = 11}, srcInfoPoints = []}) (Ident (SrcSpanInfo {srcInfoSpan = SrcSpan {srcSpanFilename = "tests/examples/WhereBlock.hs", srcSpanStartLine = 3, srcSpanStartColumn = 10, srcSpanEndLine = 3, srcSpanEndColumn = 11}, srcInfoPoints = []}) "p")] (UnGuardedRhs (SrcSpanInfo {srcInfoSpan = SrcSpan {srcSpanFilename = "tests/examples/WhereBlock.hs", srcSpanStartLine = 3, srcSpanStartColumn = 12, srcSpanEndLine = 3, srcSpanEndColumn = 32}, srcInfoPoints = [SrcSpan {srcSpanFilename = "tests/examples/WhereBlock.hs", srcSpanStartLine = 3, srcSpanStartColumn = 12, srcSpanEndLine = 3, srcSpanEndColumn = 13}]}) (Paren (SrcSpanInfo {srcInfoSpan = SrcSpan {srcSpanFilename = "tests/examples/WhereBlock.hs", srcSpanStartLine = 3, srcSpanStartColumn = 14, srcSpanEndLine = 3, srcSpanEndColumn = 32}, srcInfoPoints = [SrcSpan {srcSpanFilename = "tests/examples/WhereBlock.hs", srcSpanStartLine = 3, srcSpanStartColumn = 14, srcSpanEndLine = 3, srcSpanEndColumn = 15},SrcSpan {srcSpanFilename = "tests/examples/WhereBlock.hs", srcSpanStartLine = 3, srcSpanStartColumn = 31, srcSpanEndLine = 3, srcSpanEndColumn = 32}]}) (InfixApp (SrcSpanInfo {srcInfoSpan = SrcSpan {srcSpanFilename = "tests/examples/WhereBlock.hs", srcSpanStartLine = 3, srcSpanStartColumn = 15, srcSpanEndLine = 3, srcSpanEndColumn = 31}, srcInfoPoints = []}) (Var (SrcSpanInfo {srcInfoSpan = SrcSpan {srcSpanFilename = "tests/examples/WhereBlock.hs", srcSpanStartLine = 3, srcSpanStartColumn = 15, srcSpanEndLine = 3, srcSpanEndColumn = 16}, srcInfoPoints = []}) (UnQual (SrcSpanInfo {srcInfoSpan = SrcSpan {srcSpanFilename = "tests/examples/WhereBlock.hs", srcSpanStartLine = 3, srcSpanStartColumn = 15, srcSpanEndLine = 3, srcSpanEndColumn = 16}, srcInfoPoints = []}) (Ident (SrcSpanInfo {srcInfoSpan = SrcSpan {srcSpanFilename = "tests/examples/WhereBlock.hs", srcSpanStartLine = 3, srcSpanStartColumn = 15, srcSpanEndLine = 3, srcSpanEndColumn = 16}, srcInfoPoints = []}) "p"))) (QVarOp (SrcSpanInfo {srcInfoSpan = SrcSpan {srcSpanFilename = "tests/examples/WhereBlock.hs", srcSpanStartLine = 3, srcSpanStartColumn = 17, srcSpanEndLine = 3, srcSpanEndColumn = 29}, srcInfoPoints = [SrcSpan {srcSpanFilename = "tests/examples/WhereBlock.hs", srcSpanStartLine = 3, srcSpanStartColumn = 17, srcSpanEndLine = 3, srcSpanEndColumn = 18},SrcSpan {srcSpanFilename = "tests/examples/WhereBlock.hs", srcSpanStartLine = 3, srcSpanStartColumn = 18, srcSpanEndLine = 3, srcSpanEndColumn = 28},SrcSpan {srcSpanFilename = "tests/examples/WhereBlock.hs", srcSpanStartLine = 3, srcSpanStartColumn = 28, srcSpanEndLine = 3, srcSpanEndColumn = 29}]}) (UnQual (SrcSpanInfo {srcInfoSpan = SrcSpan {srcSpanFilename = "tests/examples/WhereBlock.hs", srcSpanStartLine = 3, srcSpanStartColumn = 17, srcSpanEndLine = 3, srcSpanEndColumn = 29}, srcInfoPoints = [SrcSpan {srcSpanFilename = "tests/examples/WhereBlock.hs", srcSpanStartLine = 3, srcSpanStartColumn = 17, srcSpanEndLine = 3, srcSpanEndColumn = 18},SrcSpan {srcSpanFilename = "tests/examples/WhereBlock.hs", srcSpanStartLine = 3, srcSpanStartColumn = 18, srcSpanEndLine = 3, srcSpanEndColumn = 28},SrcSpan {srcSpanFilename = "tests/examples/WhereBlock.hs", srcSpanStartLine = 3, srcSpanStartColumn = 28, srcSpanEndLine = 3, srcSpanEndColumn = 29}]}) (Ident (SrcSpanInfo {srcInfoSpan = SrcSpan {srcSpanFilename = "tests/examples/WhereBlock.hs", srcSpanStartLine = 3, srcSpanStartColumn = 17, srcSpanEndLine = 3, srcSpanEndColumn = 29}, srcInfoPoints = [SrcSpan {srcSpanFilename = "tests/examples/WhereBlock.hs", srcSpanStartLine = 3, srcSpanStartColumn = 17, srcSpanEndLine = 3, srcSpanEndColumn = 18},SrcSpan {srcSpanFilename = "tests/examples/WhereBlock.hs", srcSpanStartLine = 3, srcSpanStartColumn = 18, srcSpanEndLine = 3, srcSpanEndColumn = 28},SrcSpan {srcSpanFilename = "tests/examples/WhereBlock.hs", srcSpanStartLine = 3, srcSpanStartColumn = 28, srcSpanEndLine = 3, srcSpanEndColumn = 29}]}) "advancePtr"))) (Lit (SrcSpanInfo {srcInfoSpan = SrcSpan {srcSpanFilename = "tests/examples/WhereBlock.hs", srcSpanStartLine = 3, srcSpanStartColumn = 30, srcSpanEndLine = 3, srcSpanEndColumn = 31}, srcInfoPoints = []}) (Int (SrcSpanInfo {srcInfoSpan = SrcSpan {srcSpanFilename = "tests/examples/WhereBlock.hs", srcSpanStartLine = 3, srcSpanStartColumn = 30, srcSpanEndLine = 3, srcSpanEndColumn = 31}, srcInfoPoints = []}) 1 "1"))))) Nothing]]))]],[])
